ARM Linker, 5.03 [Build 76] [MDK-ARM Standard]

==============================================================================

Section Cross References

    startup_stm32f10x_hd.o(RESET) refers to startup_stm32f10x_hd.o(STACK) for __initial_sp
    startup_stm32f10x_hd.o(RESET) refers to startup_stm32f10x_hd.o(.text) for Reset_Handler
    startup_stm32f10x_hd.o(RESET) refers to stm32f10x_it.o(i.NMI_Handler) for NMI_Handler
    startup_stm32f10x_hd.o(RESET) refers to stm32f10x_it.o(i.HardFault_Handler) for HardFault_Handler
    startup_stm32f10x_hd.o(RESET) refers to stm32f10x_it.o(i.MemManage_Handler) for MemManage_Handler
    startup_stm32f10x_hd.o(RESET) refers to stm32f10x_it.o(i.BusFault_Handler) for BusFault_Handler
    startup_stm32f10x_hd.o(RESET) refers to stm32f10x_it.o(i.UsageFault_Handler) for UsageFault_Handler
    startup_stm32f10x_hd.o(RESET) refers to stm32f10x_it.o(i.SVC_Handler) for SVC_Handler
    startup_stm32f10x_hd.o(RESET) refers to stm32f10x_it.o(i.DebugMon_Handler) for DebugMon_Handler
    startup_stm32f10x_hd.o(RESET) refers to stm32f10x_it.o(i.PendSV_Handler) for PendSV_Handler
    startup_stm32f10x_hd.o(RESET) refers to stm32f10x_it.o(i.SysTick_Handler) for SysTick_Handler
    startup_stm32f10x_hd.o(RESET) refers to stm32f10x_it.o(i.WWDG_IRQHandler) for WWDG_IRQHandler
    startup_stm32f10x_hd.o(RESET) refers to stm32f10x_it.o(i.RTC_IRQHandler) for RTC_IRQHandler
    startup_stm32f10x_hd.o(RESET) refers to stm32f10x_it.o(i.TIM2_IRQHandler) for TIM2_IRQHandler
    startup_stm32f10x_hd.o(RESET) refers to stm32f10x_it.o(i.TIM3_IRQHandler) for TIM3_IRQHandler
    startup_stm32f10x_hd.o(RESET) refers to stm32f10x_it.o(i.USART1_IRQHandler) for USART1_IRQHandler
    startup_stm32f10x_hd.o(RESET) refers to stm32f10x_it.o(i.USART2_IRQHandler) for USART2_IRQHandler
    startup_stm32f10x_hd.o(RESET) refers to stm32f10x_it.o(i.USART3_IRQHandler) for USART3_IRQHandler
    startup_stm32f10x_hd.o(RESET) refers to stm32f10x_it.o(i.RTCAlarm_IRQHandler) for RTCAlarm_IRQHandler
    startup_stm32f10x_hd.o(RESET) refers to stm32f10x_it.o(i.UART4_IRQHandler) for UART4_IRQHandler
    startup_stm32f10x_hd.o(.text) refers to system_stm32f10x.o(i.SystemInit) for SystemInit
    startup_stm32f10x_hd.o(.text) refers to entry.o(.ARM.Collect$$$$00000000) for __main
    system_stm32f10x.o(i.SetSysClock) refers to system_stm32f10x.o(i.SetSysClockTo72) for SetSysClockTo72
    system_stm32f10x.o(i.SystemCoreClockUpdate) refers to system_stm32f10x.o(.data) for SystemCoreClock
    system_stm32f10x.o(i.SystemInit) refers to system_stm32f10x.o(i.SetSysClock) for SetSysClock
    stm32f10x_adc.o(i.ADC_DeInit) refers to stm32f10x_rcc.o(i.RCC_APB2PeriphResetCmd) for RCC_APB2PeriphResetCmd
    stm32f10x_bkp.o(i.BKP_DeInit) refers to stm32f10x_rcc.o(i.RCC_BackupResetCmd) for RCC_BackupResetCmd
    stm32f10x_can.o(i.CAN_DeInit) refers to stm32f10x_rcc.o(i.RCC_APB1PeriphResetCmd) for RCC_APB1PeriphResetCmd
    stm32f10x_can.o(i.CAN_GetITStatus) refers to stm32f10x_can.o(i.CheckITStatus) for CheckITStatus
    stm32f10x_cec.o(i.CEC_DeInit) refers to stm32f10x_rcc.o(i.RCC_APB1PeriphResetCmd) for RCC_APB1PeriphResetCmd
    stm32f10x_dac.o(i.DAC_DeInit) refers to stm32f10x_rcc.o(i.RCC_APB1PeriphResetCmd) for RCC_APB1PeriphResetCmd
    stm32f10x_flash.o(i.FLASH_EnableWriteProtection) refers to stm32f10x_flash.o(i.FLASH_WaitForLastOperation) for FLASH_WaitForLastOperation
    stm32f10x_flash.o(i.FLASH_EraseAllBank1Pages) refers to stm32f10x_flash.o(i.FLASH_WaitForLastBank1Operation) for FLASH_WaitForLastBank1Operation
    stm32f10x_flash.o(i.FLASH_EraseAllPages) refers to stm32f10x_flash.o(i.FLASH_WaitForLastOperation) for FLASH_WaitForLastOperation
    stm32f10x_flash.o(i.FLASH_EraseOptionBytes) refers to stm32f10x_flash.o(i.FLASH_GetReadOutProtectionStatus) for FLASH_GetReadOutProtectionStatus
    stm32f10x_flash.o(i.FLASH_EraseOptionBytes) refers to stm32f10x_flash.o(i.FLASH_WaitForLastOperation) for FLASH_WaitForLastOperation
    stm32f10x_flash.o(i.FLASH_ErasePage) refers to stm32f10x_flash.o(i.FLASH_WaitForLastOperation) for FLASH_WaitForLastOperation
    stm32f10x_flash.o(i.FLASH_ProgramHalfWord) refers to stm32f10x_flash.o(i.FLASH_WaitForLastOperation) for FLASH_WaitForLastOperation
    stm32f10x_flash.o(i.FLASH_ProgramOptionByteData) refers to stm32f10x_flash.o(i.FLASH_WaitForLastOperation) for FLASH_WaitForLastOperation
    stm32f10x_flash.o(i.FLASH_ProgramWord) refers to stm32f10x_flash.o(i.FLASH_WaitForLastOperation) for FLASH_WaitForLastOperation
    stm32f10x_flash.o(i.FLASH_ReadOutProtection) refers to stm32f10x_flash.o(i.FLASH_WaitForLastOperation) for FLASH_WaitForLastOperation
    stm32f10x_flash.o(i.FLASH_UserOptionByteConfig) refers to stm32f10x_flash.o(i.FLASH_WaitForLastOperation) for FLASH_WaitForLastOperation
    stm32f10x_flash.o(i.FLASH_WaitForLastBank1Operation) refers to stm32f10x_flash.o(i.FLASH_GetBank1Status) for FLASH_GetBank1Status
[...]
    i.RCC_ADCCLKConfig                       0x0800213c   Section        0  stm32f10x_rcc.o(i.RCC_ADCCLKConfig)
    i.RCC_AHBPeriphClockCmd                  0x08002154   Section        0  stm32f10x_rcc.o(i.RCC_AHBPeriphClockCmd)
    i.RCC_APB1PeriphClockCmd                 0x08002174   Section        0  stm32f10x_rcc.o(i.RCC_APB1PeriphClockCmd)
    i.RCC_APB1PeriphResetCmd                 0x08002194   Section        0  stm32f10x_rcc.o(i.RCC_APB1PeriphResetCmd)
    i.RCC_APB2PeriphClockCmd                 0x080021b4   Section        0  stm32f10x_rcc.o(i.RCC_APB2PeriphClockCmd)
    i.RCC_APB2PeriphResetCmd                 0x080021d4   Section        0  stm32f10x_rcc.o(i.RCC_APB2PeriphResetCmd)
    i.RCC_BackupResetCmd                     0x080021f4   Section        0  stm32f10x_rcc.o(i.RCC_BackupResetCmd)
    i.RCC_ClearFlag                          0x08002200   Section        0  stm32f10x_rcc.o(i.RCC_ClearFlag)
    i.RCC_GetClocksFreq                      0x08002214   Section        0  stm32f10x_rcc.o(i.RCC_GetClocksFreq)
    i.RCC_GetFlagStatus                      0x080022e8   Section        0  stm32f10x_rcc.o(i.RCC_GetFlagStatus)
    i.RCC_LSEConfig                          0x08002324   Section        0  stm32f10x_rcc.o(i.RCC_LSEConfig)
    i.RCC_RTCCLKCmd                          0x08002358   Section        0  stm32f10x_rcc.o(i.RCC_RTCCLKCmd)
    i.RCC_RTCCLKConfig                       0x08002364   Section        0  stm32f10x_rcc.o(i.RCC_RTCCLKConfig)
    i.RTCAlarm_IRQHandler                    0x08002374   Section        0  stm32f10x_it.o(i.RTCAlarm_IRQHandler)
    i.RTC_CheckAndConfig                     0x080023b8   Section        0  bsp_rtc.o(i.RTC_CheckAndConfig)
    i.RTC_ClearITPendingBit                  0x08002400   Section        0  stm32f10x_rtc.o(i.RTC_ClearITPendingBit)
    i.RTC_Configuration                      0x08002410   Section        0  bsp_rtc.o(i.RTC_Configuration)
    i.RTC_EnterConfigMode                    0x0800245c   Section        0  stm32f10x_rtc.o(i.RTC_EnterConfigMode)
    i.RTC_ExitConfigMode                     0x08002470   Section        0  stm32f10x_rtc.o(i.RTC_ExitConfigMode)
    i.RTC_GetCounter                         0x08002484   Section        0  stm32f10x_rtc.o(i.RTC_GetCounter)
    i.RTC_GetITStatus                        0x08002498   Section        0  stm32f10x_rtc.o(i.RTC_GetITStatus)
    i.RTC_IRQHandler                         0x080024bc   Section        0  stm32f10x_it.o(i.RTC_IRQHandler)
    i.RTC_NVIC_Config                        0x080024dc   Section        0  bsp_rtc.o(i.RTC_NVIC_Config)
    i.RTC_SetAlarm                           0x08002504   Section        0  stm32f10x_rtc.o(i.RTC_SetAlarm)
    i.RTC_SetCounter                         0x08002520   Section        0  stm32f10x_rtc.o(i.RTC_SetCounter)
    i.RTC_SetPrescaler                       0x0800253c   Section        0  stm32f10x_rtc.o(i.RTC_SetPrescaler)
    i.RTC_WaitForLastTask                    0x0800255c   Section        0  stm32f10x_rtc.o(i.RTC_WaitForLastTask)
    i.RTC_WaitForSynchro                     0x08002570   Section        0  stm32f10x_rtc.o(i.RTC_WaitForSynchro)
    i.Receive                                0x08002590   Section        0  main.o(i.Receive)
    i.ReceiveMessageVerify                   0x0800267c   Section        0  433_wiminet.o(i.ReceiveMessageVerify)
    i.Receive_Monitor_433                    0x08002ae8   Section        0  main.o(i.Receive_Monitor_433)
    i.ReverseBitOrder08                      0x08002b5c   Section        0  433_wiminet.o(i.ReverseBitOrder08)
    i.ReverseBitOrder16                      0x08002b7c   Section        0  433_wiminet.o(i.ReverseBitOrder16)
    i.SLNoiseDataBkp                         0x08002ba0   Section        0  flash.o(i.SLNoiseDataBkp)
    i.SLNoise_DataUpload                     0x08002d80   Section        0  aiderprotocol.o(i.SLNoise_DataUpload)
    i.SPI_Cmd                                0x080032b4   Section        0  stm32f10x_spi.o(i.SPI_Cmd)
    i.SPI_FLASH_BufferRead                   0x080032cc   Section        0  flash.o(i.SPI_FLASH_BufferRead)
    i.SPI_FLASH_BufferWrite                  0x08003324   Section        0  flash.o(i.SPI_FLASH_BufferWrite)
    i.SPI_FLASH_Init                         0x08003448   Section        0  flash.o(i.SPI_FLASH_Init)
    i.SPI_FLASH_PageWrite                    0x0800350c   Section        0  flash.o(i.SPI_FLASH_PageWrite)
    i.SPI_FLASH_ReadDeviceID                 0x08003570   Section        0  flash.o(i.SPI_FLASH_ReadDeviceID)
    i.SPI_FLASH_ReadID                       0x080035b0   Section        0  flash.o(i.SPI_FLASH_ReadID)
    i.SPI_FLASH_SectorErase                  0x08003604   Section        0  flash.o(i.SPI_FLASH_SectorErase)
    i.SPI_FLASH_SendByte                     0x0800364c   Section        0  flash.o(i.SPI_FLASH_SendByte)
    i.SPI_FLASH_WaitForWriteEnd              0x08003684   Section        0  flash.o(i.SPI_FLASH_WaitForWriteEnd)
    i.SPI_FLASH_WriteEnable                  0x080036b8   Section        0  flash.o(i.SPI_FLASH_WriteEnable)
    i.SPI_Flash_PowerDown                    0x080036dc   Section        0  flash.o(i.SPI_Flash_PowerDown)
    i.SPI_I2S_GetFlagStatus                  0x08003700   Section        0  stm32f10x_spi.o(i.SPI_I2S_GetFlagStatus)
    i.SPI_I2S_ReceiveData                    0x08003712   Section        0  stm32f10x_spi.o(i.SPI_I2S_ReceiveData)
    i.SPI_I2S_SendData                       0x08003718   Section        0  stm32f10x_spi.o(i.SPI_I2S_SendData)
    i.SPI_Init                               0x0800371c   Section        0  stm32f10x_spi.o(i.SPI_Init)
    i.SVC_Handler                            0x08003758   Section        0  stm32f10x_it.o(i.SVC_Handler)
    i.SendMessage                            0x0800378c   Section        0  433_wiminet.o(i.SendMessage)
    i.SendPretreatment                       0x080039c0   Section        0  gprs.o(i.SendPretreatment)
    i.SetNodeID                              0x080039d8   Section        0  433_wiminet.o(i.SetNodeID)
    i.SetSysClock                            0x08003a40   Section        0  system_stm32f10x.o(i.SetSysClock)
    SetSysClock                              0x08003a41   Thumb Code     8  system_stm32f10x.o(i.SetSysClock)
    i.SetSysClockTo72                        0x08003a48   Section        0  system_stm32f10x.o(i.SetSysClockTo72)
    SetSysClockTo72                          0x08003a49   Thumb Code   212  system_stm32f10x.o(i.SetSysClockTo72)
    i.Set_register_ds2780                    0x08003b24   Section        0  ds2780.o(i.Set_register_ds2780)
    i.Sms_Analysis                           0x08003cc0   Section        0  gprs.o(i.Sms_Analysis)
    i.Sms_Send                               0x08004104   Section        0  gprs.o(i.Sms_Send)
    i.SysTick_Handler                        0x08004180   Section        0  stm32f10x_it.o(i.SysTick_Handler)
    i.SysTick_Init                           0x08004188   Section        0  bsp_systick.o(i.SysTick_Init)
    i.SystemInit                             0x08004204   Section        0  system_stm32f10x.o(i.SystemInit)
    i.TIM2_Configuration                     0x08004264   Section        0  bsp_timbase.o(i.TIM2_Configuration)
    i.TIM2_IRQHandler                        0x080042b4   Section        0  stm32f10x_it.o(i.TIM2_IRQHandler)
    i.TIM2_NVIC_Configuration                0x080042d8   Section        0  bsp_timbase.o(i.TIM2_NVIC_Configuration)
    i.TIM3_Configuration                     0x08004304   Section        0  bsp_timbase.o(i.TIM3_Configuration)
    i.TIM3_IRQHandler                        0x08004358   Section        0  stm32f10x_it.o(i.TIM3_IRQHandler)
    i.TIM_ClearFlag                          0x080043b4   Section        0  stm32f10x_tim.o(i.TIM_ClearFlag)
    i.TIM_ClearITPendingBit                  0x080043ba   Section        0  stm32f10x_tim.o(i.TIM_ClearITPendingBit)
    i.TIM_Cmd                                0x080043c0   Section        0  stm32f10x_tim.o(i.TIM_Cmd)
    i.TIM_DeInit                             0x080043d8   Section        0  stm32f10x_tim.o(i.TIM_DeInit)
    i.TIM_GetITStatus                        0x080045c0   Section        0  stm32f10x_tim.o(i.TIM_GetITStatus)
    i.TIM_ITConfig                           0x080045e2   Section        0  stm32f10x_tim.o(i.TIM_ITConfig)
    i.TIM_TimeBaseInit                       0x080045f4   Section        0  stm32f10x_tim.o(i.TIM_TimeBaseInit)
    i.TempNoiseDataBkp                       0x08004698   Section        0  flash.o(i.TempNoiseDataBkp)
    i.Time_Auto_Regulate                     0x0800475c   Section        0  bsp_rtc.o(i.Time_Auto_Regulate)
    i.Time_Display                           0x080047dc   Section        0  bsp_rtc.o(i.Time_Display)
    i.Time_Show                              0x08004848   Section        0  bsp_rtc.o(i.Time_Show)
    i.TimingDelay_Decrement                  0x0800485c   Section        0  bsp_systick.o(i.TimingDelay_Decrement)
    i.UART4_IRQHandler                       0x08004874   Section        0  stm32f10x_it.o(i.UART4_IRQHandler)
    i.UART_NVIC_Configuration                0x08004938   Section        0  bsp_usart.o(i.UART_NVIC_Configuration)
    i.USART1_Config                          0x080049bc   Section        0  bsp_usart.o(i.USART1_Config)
    i.USART1_IRQHandler                      0x08004a78   Section        0  stm32f10x_it.o(i.USART1_IRQHandler)
    i.USART2_Config                          0x08004b18   Section        0  bsp_usart.o(i.USART2_Config)
    i.USART2_IRQHandler                      0x08004bd4   Section        0  stm32f10x_it.o(i.USART2_IRQHandler)
    i.USART3_Config                          0x08004c78   Section        0  bsp_usart.o(i.USART3_Config)
    i.USART3_IRQHandler                      0x08004d28   Section        0  stm32f10x_it.o(i.USART3_IRQHandler)
    i.USART4_Config                          0x08004dac   Section        0  bsp_usart.o(i.USART4_Config)
    i.USART_ClearFlag                        0x08004e58   Section        0  stm32f10x_usart.o(i.USART_ClearFlag)
    i.USART_ClearITPendingBit                0x08004e6a   Section        0  stm32f10x_usart.o(i.USART_ClearITPendingBit)
    i.USART_Cmd                              0x08004e88   Section        0  stm32f10x_usart.o(i.USART_Cmd)
    i.USART_DataBlock_Send                   0x08004ea0   Section        0  gprs.o(i.USART_DataBlock_Send)
    i.USART_GetFlagStatus                    0x08004ed0   Section        0  stm32f10x_usart.o(i.USART_GetFlagStatus)
    i.USART_GetITStatus                      0x08004eea   Section        0  stm32f10x_usart.o(i.USART_GetITStatus)
    i.USART_ITConfig                         0x08004f3e   Section        0  stm32f10x_usart.o(i.USART_ITConfig)
    i.USART_Init                             0x08004f88   Section        0  stm32f10x_usart.o(i.USART_Init)
    i.USART_ReceiveData                      0x08005060   Section        0  stm32f10x_usart.o(i.USART_ReceiveData)
    i.USART_SendData                         0x0800506a   Section        0  stm32f10x_usart.o(i.USART_SendData)
    i.UpdateNodeMsgCRC                       0x08005072   Section        0  433_wiminet.o(i.UpdateNodeMsgCRC)
    i.UploadFlash                            0x0800509c   Section        0  gprs.o(i.UploadFlash)
    i.UsageFault_Handler                     0x0800517c   Section        0  stm32f10x_it.o(i.UsageFault_Handler)
    i.WWDG_ClearFlag                         0x080051b4   Section        0  stm32f10x_wwdg.o(i.WWDG_ClearFlag)
    i.WWDG_Enable                            0x080051c0   Section        0  stm32f10x_wwdg.o(i.WWDG_Enable)
    i.WWDG_EnableIT                          0x080051d0   Section        0  stm32f10x_wwdg.o(i.WWDG_EnableIT)
    i.WWDG_IRQHandler                        0x080051dc   Section        0  stm32f10x_it.o(i.WWDG_IRQHandler)
    i.WWDG_Init                              0x08005208   Section        0  watchdog.o(i.WWDG_Init)
    i.WWDG_SetCounter                        0x08005268   Section        0  stm32f10x_wwdg.o(i.WWDG_SetCounter)
    i.WWDG_SetPrescaler                      0x08005278   Section        0  stm32f10x_wwdg.o(i.WWDG_SetPrescaler)
    i.WWDG_SetWindowValue                    0x08005290   Section        0  stm32f10x_wwdg.o(i.WWDG_SetWindowValue)
    i.__0printf                              0x080052b8   Section        0  printfa.o(i.__0printf)
    i.__0snprintf                            0x080052d8   Section        0  printfa.o(i.__0snprintf)
    i.__scatterload_copy                     0x08005300   Section       14  handlers.o(i.__scatterload_copy)
    i.__scatterload_null                     0x0800530e   Section        2  handlers.o(i.__scatterload_null)
    i.__scatterload_zeroinit                 0x08005310   Section       14  handlers.o(i.__scatterload_zeroinit)
    i._fp_digits                             0x08005320   Section        0  printfa.o(i._fp_digits)
    _fp_digits                               0x08005321   Thumb Code   326  printfa.o(i._fp_digits)
    i._printf_core                           0x0800547c   Section        0  printfa.o(i._printf_core)
    _printf_core                             0x0800547d   Thumb Code  1762  printfa.o(i._printf_core)
    i._printf_post_padding                   0x08005b6c   Section        0  printfa.o(i._printf_post_padding)
    _printf_post_padding                     0x08005b6d   Thumb Code    38  printfa.o(i._printf_post_padding)
    i._printf_pre_padding                    0x08005b92   Section        0  printfa.o(i._printf_pre_padding)
    _printf_pre_padding                      0x08005b93   Thumb Code    48  printfa.o(i._printf_pre_padding)
    i._snputc                                0x08005bc2   Section        0  printfa.o(i._snputc)
    _snputc                                  0x08005bc3   Thumb Code    22  printfa.o(i._snputc)
    i.copy_data_ds2780                       0x08005bd8   Section        0  ds2780.o(i.copy_data_ds2780)
    i.fputc                                  0x08005bf0   Section        0  bsp_usart.o(i.fputc)
    i.get_ACR                                0x08005c14   Section        0  ds2780.o(i.get_ACR)
    i.get_RAAC                               0x08005c98   Section        0  ds2780.o(i.get_RAAC)
    i.get_current                            0x08005ce8   Section        0  ds2780.o(i.get_current)
    i.get_voltage                            0x08005d74   Section        0  ds2780.o(i.get_voltage)
    i.gotoSleep                              0x08005dcc   Section        0  common.o(i.gotoSleep)
    i.main                                   0x080060b0   Section        0  main.o(i.main)
    i.mktimev                                0x080062fc   Section        0  bsp_date.o(i.mktimev)
    i.mput                                   0x0800637c   Section        0  gprs.o(i.mput)
    i.mput_mix                               0x080063d4   Section        0  gprs.o(i.mput_mix)
    i.ntohs                                  0x0800646c   Section        0  api-platform.o(i.ntohs)
    i.read_bit                               0x08006478   Section        0  ds2780.o(i.read_bit)
    i.read_byte                              0x080064b0   Section        0  ds2780.o(i.read_byte)
    i.read_byte_data                         0x080064d0   Section        0  ds2780.o(i.read_byte_data)
    i.reset                                  0x080064e8   Section        0  ds2780.o(i.reset)
    i.set_ACR                                0x0800652c   Section        0  ds2780.o(i.set_ACR)
    i.to_tm                                  0x08006590   Section        0  bsp_date.o(i.to_tm)
    i.write_byte                             0x0800665c   Section        0  ds2780.o(i.write_byte)
    i.write_data                             0x080066b8   Section        0  ds2780.o(i.write_data)
    i.write_ds2780_cmd                       0x080066d6   Section        0  ds2780.o(i.write_ds2780_cmd)
    .constdata                               0x08006704   Section       52  bsp_date.o(.constdata)
    .constdata                               0x08006738   Section       67  aiderprotocol.o(.constdata)
    .constdata                               0x0800677c   Section      203  common.o(.constdata)
    .data                                    0x20000000   Section       20  system_stm32f10x.o(.data)
    .data                                    0x20000014   Section       20  stm32f10x_rcc.o(.data)
    APBAHBPrescTable                         0x20000014   Data          16  stm32f10x_rcc.o(.data)
    ADCPrescTable                            0x20000024   Data           4  stm32f10x_rcc.o(.data)
    .data                                    0x20000028   Section       72  main.o(.data)
    .data                                    0x20000070   Section        4  bsp_systick.o(.data)
    TimingDelay                              0x20000070   Data           4  bsp_systick.o(.data)
    .data                                    0x20000074   Section        5  gprs.o(.data)
    .data                                    0x2000007c   Section       13  modbus.o(.data)
    .data                                    0x2000008c   Section        8  bsp_rtc.o(.data)
    FirstDisplay                             0x20000090   Data           4  bsp_rtc.o(.data)
    .data                                    0x20000094   Section       48  bsp_date.o(.data)
    month_days                               0x20000094   Data          48  bsp_date.o(.data)
    .data                                    0x200000c4   Section        1  watchdog.o(.data)
    .data                                    0x200000c8   Section        8  aiderprotocol.o(.data)
    .data                                    0x200000d0   Section       22  flash.o(.data)
    .data                                    0x200000e6   Section        1  ds2780.o(.data)
    RegB                                     0x200000e6   Data           1  ds2780.o(.data)
    .data                                    0x200000e8   Section        2  bsp_adc.o(.data)
    .data                                    0x200000ec   Section        4  stdout.o(.data)
    .bss                                     0x200000f0   Section     1230  main.o(.bss)
    .bss                                     0x200005be   Section     2000  gprs.o(.bss)
    .bss                                     0x20000d8e   Section      200  modbus.o(.bss)
    .bss                                     0x20000e56   Section      160  aiderprotocol.o(.bss)
    .bss                                     0x20000ef6   Section       50  433_wiminet.o(.bss)
    STACK                                    0x20000f28   Section     1024  startup_stm32f10x_hd.o(STACK)

    Global Symbols

    Symbol Name                              Value     Ov Type        Size  Object(Section)

    BuildAttributes$$THM_ISAv4$P$D$K$B$S$PE$A:L22UL41UL21$X:L11$S22US41US21$IEEE1$IW$USESV6$~STKCKD$USESV7$~SHL$OTIME$ROPI$IEEEX$EBA8$MICROLIB$REQ8$PRES8$EABIv2 0x00000000   Number         0  anon$$obj.o ABSOLUTE
    __ARM_use_no_argv                        0x00000000   Number         0  main.o ABSOLUTE
    _printf_a                                0x00000000   Number         0  stubs.o ABSOLUTE
    _printf_c                                0x00000000   Number         0  stubs.o ABSOLUTE
    _printf_charcount                        0x00000000   Number         0  stubs.o ABSOLUTE
    _printf_d                                0x00000000   Number         0  stubs.o ABSOLUTE
    _printf_e                                0x00000000   Number         0  stubs.o ABSOLUTE
    _printf_f                                0x00000000   Number         0  stubs.o ABSOLUTE
    _printf_flags                            0x00000000   Number         0  stubs.o ABSOLUTE
    _printf_fp_dec                           0x00000000   Number         0  stubs.o ABSOLUTE
    _printf_fp_hex                           0x00000000   Number         0  stubs.o ABSOLUTE
    _printf_g                                0x00000000   Number         0  stubs.o ABSOLUTE
    _printf_i                                0x00000000   Number         0  stubs.o ABSOLUTE
    _printf_int_dec                          0x00000000   Number         0  stubs.o ABSOLUTE
    _printf_l                                0x00000000   Number         0  stubs.o ABSOLUTE
    _printf_lc                               0x00000000   Number         0  stubs.o ABSOLUTE
    _printf_ll                               0x00000000   Number         0  stubs.o ABSOLUTE
    _printf_lld                              0x00000000   Number         0  stubs.o ABSOLUTE
    _printf_lli                              0x00000000   Number         0  stubs.o ABSOLUTE
    _printf_llo                              0x00000000   Number         0  stubs.o ABSOLUTE
    _printf_llu                              0x00000000   Number         0  stubs.o ABSOLUTE
    _printf_llx                              0x00000000   Number         0  stubs.o ABSOLUTE
    _printf_longlong_dec                     0x00000000   Number         0  stubs.o ABSOLUTE
    _printf_longlong_hex                     0x00000000   Number         0  stubs.o ABSOLUTE
    _printf_longlong_oct                     0x00000000   Number         0  stubs.o ABSOLUTE
    _printf_ls                               0x00000000   Number         0  stubs.o ABSOLUTE
    _printf_mbtowc                           0x00000000   Number         0  stubs.o ABSOLUTE
    _printf_n                                0x00000000   Number         0  stubs.o ABSOLUTE
    _printf_o                                0x00000000   Number         0  stubs.o ABSOLUTE
    _printf_p                                0x00000000   Number         0  stubs.o ABSOLUTE
    _printf_percent                          0x00000000   Number         0  stubs.o ABSOLUTE
    _printf_pre_padding                      0x00000000   Number         0  stubs.o ABSOLUTE
    _printf_return_value                     0x00000000   Number         0  stubs.o ABSOLUTE
    _printf_s                                0x00000000   Number         0  stubs.o ABSOLUTE
    _printf_sizespec                         0x00000000   Number         0  stubs.o ABSOLUTE
    _printf_str                              0x00000000   Number         0  stubs.o ABSOLUTE
    _printf_truncate_signed                  0x00000000   Number         0  stubs.o ABSOLUTE
    _printf_truncate_unsigned                0x00000000   Number         0  stubs.o ABSOLUTE
    _printf_u                                0x00000000   Number         0  stubs.o ABSOLUTE
    _printf_wc                               0x00000000   Number         0  stubs.o ABSOLUTE
    _printf_wctomb                           0x00000000   Number         0  stubs.o ABSOLUTE
    _printf_widthprec                        0x00000000   Number         0  stubs.o ABSOLUTE
    _printf_x                                0x00000000   Number         0  stubs.o ABSOLUTE
    __cpp_initialize__aeabi_                  - Undefined Weak Reference
    __cxa_finalize                            - Undefined Weak Reference
    __decompress                              - Undefined Weak Reference
    _clock_init                               - Undefined Weak Reference
    _microlib_exit                            - Undefined Weak Reference
    __Vectors_Size                           0x00000130   Number         0  startup_stm32f10x_hd.o ABSOLUTE
    __Vectors                                0x08000000   Data           4  startup_stm32f10x_hd.o(RESET)
    __Vectors_End                            0x08000130   Data           0  startup_stm32f10x_hd.o(RESET)
    __main                                   0x08000131   Thumb Code     0  entry.o(.ARM.Collect$$$$00000000)
    _main_stk                                0x08000131   Thumb Code     0  entry2.o(.ARM.Collect$$$$00000001)
    _main_scatterload                        0x08000135   Thumb Code     0  entry5.o(.ARM.Collect$$$$00000004)
    __main_after_scatterload                 0x08000139   Thumb Code     0  entry5.o(.ARM.Collect$$$$00000004)
    _main_clock                              0x08000139   Thumb Code     0  entry7b.o(.ARM.Collect$$$$00000008)
    _main_cpp_init                           0x08000139   Thumb Code     0  entry8b.o(.ARM.Collect$$$$0000000A)
    _main_init                               0x08000139   Thumb Code     0  entry9a.o(.ARM.Collect$$$$0000000B)
    __rt_final_cpp                           0x08000141   Thumb Code     0  entry10a.o(.ARM.Collect$$$$0000000D)
    __rt_final_exit                          0x08000141   Thumb Code     0  entry11a.o(.ARM.Collect$$$$0000000F)
    Reset_Handler                            0x08000145   Thumb Code     8  startup_stm32f10x_hd.o(.text)
    ADC1_2_IRQHandler                        0x0800015f   Thumb Code     0  startup_stm32f10x_hd.o(.text)
    ADC3_IRQHandler                          0x0800015f   Thumb Code     0  startup_stm32f10x_hd.o(.text)
    CAN1_RX1_IRQHandler                      0x0800015f   Thumb Code     0  startup_stm32f10x_hd.o(.text)
    CAN1_SCE_IRQHandler                      0x0800015f   Thumb Code     0  startup_stm32f10x_hd.o(.text)
    DMA1_Channel1_IRQHandler                 0x0800015f   Thumb Code     0  startup_stm32f10x_hd.o(.text)
    DMA1_Channel2_IRQHandler                 0x0800015f   Thumb Code     0  startup_stm32f10x_hd.o(.text)
    DMA1_Channel3_IRQHandler                 0x0800015f   Thumb Code     0  startup_stm32f10x_hd.o(.text)
    DMA1_Channel4_IRQHandler                 0x0800015f   Thumb Code     0  startup_stm32f10x_hd.o(.text)
    DMA1_Channel5_IRQHandler                 0x0800015f   Thumb Code     0  startup_stm32f10x_hd.o(.text)
    DMA1_Channel6_IRQHandler                 0x0800015f   Thumb Code     0  startup_stm32f10x_hd.o(.text)
    DMA1_Channel7_IRQHandler                 0x0800015f   Thumb Code     0  startup_stm32f10x_hd.o(.text)
    DMA2_Channel1_IRQHandler                 0x0800015f   Thumb Code     0  startup_stm32f10x_hd.o(.text)
    DMA2_Channel2_IRQHandler                 0x0800015f   Thumb Code     0  startup_stm32f10x_hd.o(.text)
    DMA2_Channel3_IRQHandler                 0x0800015f   Thumb Code     0  startup_stm32f10x_hd.o(.text)
    DMA2_Channel4_5_IRQHandler               0x0800015f   Thumb Code     0  startup_stm32f10x_hd.o(.text)
    EXTI0_IRQHandler                         0x0800015f   Thumb Code     0  startup_stm32f10x_hd.o(.text)
    EXTI15_10_IRQHandler                     0x0800015f   Thumb Code     0  startup_stm32f10x_hd.o(.text)
    EXTI1_IRQHandler                         0x0800015f   Thumb Code     0  startup_stm32f10x_hd.o(.text)
    EXTI2_IRQHandler                         0x0800015f   Thumb Code     0  startup_stm32f10x_hd.o(.text)
    EXTI3_IRQHandler                         0x0800015f   Thumb Code     0  startup_stm32f10x_hd.o(.text)
    EXTI4_IRQHandler                         0x0800015f   Thumb Code     0  startup_stm32f10x_hd.o(.text)
    EXTI9_5_IRQHandler                       0x0800015f   Thumb Code     0  startup_stm32f10x_hd.o(.text)
    FLASH_IRQHandler                         0x0800015f   Thumb Code     0  startup_stm32f10x_hd.o(.text)
    FSMC_IRQHandler                          0x0800015f   Thumb Code     0  startup_stm32f10x_hd.o(.text)
    I2C1_ER_IRQHandler                       0x0800015f   Thumb Code     0  startup_stm32f10x_hd.o(.text)
    I2C1_EV_IRQHandler                       0x0800015f   Thumb Code     0  startup_stm32f10x_hd.o(.text)
    I2C2_ER_IRQHandler                       0x0800015f   Thumb Code     0  startup_stm32f10x_hd.o(.text)
    I2C2_EV_IRQHandler                       0x0800015f   Thumb Code     0  startup_stm32f10x_hd.o(.text)
    PVD_IRQHandler                           0x0800015f   Thumb Code     0  startup_stm32f10x_hd.o(.text)
    RCC_IRQHandler                           0x0800015f   Thumb Code     0  startup_stm32f10x_hd.o(.text)
    SDIO_IRQHandler                          0x0800015f   Thumb Code     0  startup_stm32f10x_hd.o(.text)
    SPI1_IRQHandler                          0x0800015f   Thumb Code     0  startup_stm32f10x_hd.o(.text)
    SPI2_IRQHandler                          0x0800015f   Thumb Code     0  startup_stm32f10x_hd.o(.text)
    SPI3_IRQHandler                          0x0800015f   Thumb Code     0  startup_stm32f10x_hd.o(.text)
    TAMPER_IRQHandler                        0x0800015f   Thumb Code     0  startup_stm32f10x_hd.o(.text)
    TIM1_BRK_IRQHandler                      0x0800015f   Thumb Code     0  startup_stm32f10x_hd.o(.text)
    TIM1_CC_IRQHandler                       0x0800015f   Thumb Code     0  startup_stm32f10x_hd.o(.text)
    TIM1_TRG_COM_IRQHandler                  0x0800015f   Thumb Code     0  startup_stm32f10x_hd.o(.text)
    TIM1_UP_IRQHandler                       0x0800015f   Thumb Code     0  startup_stm32f10x_hd.o(.text)
    TIM4_IRQHandler                          0x0800015f   Thumb Code     0  startup_stm32f10x_hd.o(.text)
    TIM5_IRQHandler                          0x0800015f   Thumb Code     0  startup_stm32f10x_hd.o(.text)
    TIM6_IRQHandler                          0x0800015f   Thumb Code     0  startup_stm32f10x_hd.o(.text)
    TIM7_IRQHandler                          0x0800015f   Thumb Code     0  startup_stm32f10x_hd.o(.text)
    TIM8_BRK_IRQHandler                      0x0800015f   Thumb Code     0  startup_stm32f10x_hd.o(.text)
    TIM8_CC_IRQHandler                       0x0800015f   Thumb Code     0  startup_stm32f10x_hd.o(.text)
    TIM8_TRG_COM_IRQHandler                  0x0800015f   Thumb Code     0  startup_stm32f10x_hd.o(.text)
    TIM8_UP_IRQHandler                       0x0800015f   Thumb Code     0  startup_stm32f10x_hd.o(.text)
    UART5_IRQHandler                         0x0800015f   Thumb Code     0  startup_stm32f10x_hd.o(.text)
    USBWakeUp_IRQHandler                     0x0800015f   Thumb Code     0  startup_stm32f10x_hd.o(.text)
    USB_HP_CAN1_TX_IRQHandler                0x0800015f   Thumb Code     0  startup_stm32f10x_hd.o(.text)
    USB_LP_CAN1_RX0_IRQHandler               0x0800015f   Thumb Code     0  startup_stm32f10x_hd.o(.text)
    __aeabi_memcpy                           0x08000169   Thumb Code    36  memcpya.o(.text)
    __aeabi_memcpy4                          0x08000169   Thumb Code     0  memcpya.o(.text)
    __aeabi_memcpy8                          0x08000169   Thumb Code     0  memcpya.o(.text)
    __aeabi_memset                           0x0800018d   Thumb Code    14  memseta.o(.text)
    __aeabi_memset4                          0x0800018d   Thumb Code     0  memseta.o(.text)
    __aeabi_memset8                          0x0800018d   Thumb Code     0  memseta.o(.text)
    __aeabi_memclr                           0x0800019b   Thumb Code     4  memseta.o(.text)
    __aeabi_memclr4                          0x0800019b   Thumb Code     0  memseta.o(.text)
    __aeabi_memclr8                          0x0800019b   Thumb Code     0  memseta.o(.text)
    _memset$wrapper                          0x0800019f   Thumb Code    18  memseta.o(.text)
    strlen                                   0x080001b1   Thumb Code    14  strlen.o(.text)
    __aeabi_fmul                             0x080001bf   Thumb Code   108  fmul.o(.text)
    __aeabi_fdiv                             0x0800022b   Thumb Code   128  fdiv.o(.text)
    __aeabi_dadd                             0x080002ab   Thumb Code   322  dadd.o(.text)
    __aeabi_dsub                             0x080003ed   Thumb Code     6  dadd.o(.text)
    __aeabi_drsub                            0x080003f3   Thumb Code     6  dadd.o(.text)
    __aeabi_dmul                             0x080003f9   Thumb Code   228  dmul.o(.text)
    __aeabi_ddiv                             0x080004dd   Thumb Code   222  ddiv.o(.text)
    __aeabi_i2f                              0x080005bb   Thumb Code    18  fflti.o(.text)
    __aeabi_ui2f                             0x080005cd   Thumb Code    10  ffltui.o(.text)
    __aeabi_ui2d                             0x080005d7   Thumb Code    26  dfltui.o(.text)
    __aeabi_f2uiz                            0x080005f1   Thumb Code    40  ffixui.o(.text)
    __aeabi_d2uiz                            0x08000619   Thumb Code    50  dfixui.o(.text)
    __aeabi_f2d                              0x0800064b   Thumb Code    38  f2d.o(.text)
    __aeabi_cdrcmple                         0x08000671   Thumb Code    38  cdrcmple.o(.text)
    __aeabi_d2f                              0x08000699   Thumb Code    56  d2f.o(.text)
    __aeabi_uidiv                            0x080006d1   Thumb Code     0  uidiv.o(.text)
    __aeabi_uidivmod                         0x080006d1   Thumb Code    44  uidiv.o(.text)
    __aeabi_uldivmod                         0x080006fd   Thumb Code    98  uldiv.o(.text)
    __aeabi_llsl                             0x0800075f   Thumb Code    30  llshl.o(.text)
    _ll_shift_l                              0x0800075f   Thumb Code     0  llshl.o(.text)
    __aeabi_llsr                             0x0800077d   Thumb Code    32  llushr.o(.text)
    _ll_ushift_r                             0x0800077d   Thumb Code     0  llushr.o(.text)
    __aeabi_lasr                             0x0800079d   Thumb Code    36  llsshr.o(.text)
    _ll_sshift_r                             0x0800079d   Thumb Code     0  llsshr.o(.text)
    __I$use$fp                               0x080007c1   Thumb Code     0  iusefp.o(.text)
    _float_round                             0x080007c1   Thumb Code    18  fepilogue.o(.text)
    _float_epilogue                          0x080007d3   Thumb Code    90  fepilogue.o(.text)
    _double_round                            0x0800082d   Thumb Code    26  depilogue.o(.text)
    _double_epilogue                         0x08000847   Thumb Code   164  depilogue.o(.text)
    __aeabi_d2ulz                            0x080008eb   Thumb Code    48  dfixul.o(.text)
    __scatterload                            0x0800091d   Thumb Code    28  init.o(.text)
    __scatterload_rt2                        0x0800091d   Thumb Code     0  init.o(.text)
    ADC1_Init                                0x08000971   Thumb Code    12  bsp_adc.o(i.ADC1_Init)
    ADC_Cmd                                  0x08000a5d   Thumb Code    22  stm32f10x_adc.o(i.ADC_Cmd)
    ADC_DMACmd                               0x08000a73   Thumb Code    22  stm32f10x_adc.o(i.ADC_DMACmd)
    ADC_GetCalibrationStatus                 0x08000a89   Thumb Code    20  stm32f10x_adc.o(i.ADC_GetCalibrationStatus)
    ADC_GetResetCalibrationStatus            0x08000a9d   Thumb Code    20  stm32f10x_adc.o(i.ADC_GetResetCalibrationStatus)
    ADC_Init                                 0x08000ab1   Thumb Code    70  stm32f10x_adc.o(i.ADC_Init)
    ADC_RegularChannelConfig                 0x08000b01   Thumb Code   184  stm32f10x_adc.o(i.ADC_RegularChannelConfig)
    ADC_ResetCalibration                     0x08000bb9   Thumb Code    10  stm32f10x_adc.o(i.ADC_ResetCalibration)
    ADC_SoftwareStartConvCmd                 0x08000bc3   Thumb Code    22  stm32f10x_adc.o(i.ADC_SoftwareStartConvCmd)
    ADC_StartCalibration                     0x08000bd9   Thumb Code    10  stm32f10x_adc.o(i.ADC_StartCalibration)
    AddrMapping                              0x08000be5   Thumb Code    62  flash.o(i.AddrMapping)
    BKP_DeInit                               0x08000c5d   Thumb Code    16  stm32f10x_bkp.o(i.BKP_DeInit)
    BKP_ReadBackupRegister                   0x08000c6d   Thumb Code    24  stm32f10x_bkp.o(i.BKP_ReadBackupRegister)
    BKP_TamperPinCmd                         0x08000c89   Thumb Code     6  stm32f10x_bkp.o(i.BKP_TamperPinCmd)
    BKP_WriteBackupRegister                  0x08000c95   Thumb Code    22  stm32f10x_bkp.o(i.BKP_WriteBackupRegister)
    BatteryCapacityRead_From_Flash           0x08000cb1   Thumb Code   106  flash.o(i.BatteryCapacityRead_From_Flash)
    BatteryCapacityWrite_to_Flash            0x08000d8d   Thumb Code   102  flash.o(i.BatteryCapacityWrite_to_Flash)
    BusFault_Handler                         0x08000e49   Thumb Code    18  stm32f10x_it.o(i.BusFault_Handler)
    CRC16                                    0x08000e7d   Thumb Code    80  433_wiminet.o(i.CRC16)
    ConfigData_Init                          0x08000ecd   Thumb Code   228  aiderprotocol.o(i.ConfigData_Init)
    ConfigData_Upload                        0x08000ff5   Thumb Code   662  aiderprotocol.o(i.ConfigData_Upload)
    DMA_Cmd                                  0x080012fd   Thumb Code    24  stm32f10x_dma.o(i.DMA_Cmd)
    DMA_DeInit                               0x08001315   Thumb Code   324  stm32f10x_dma.o(i.DMA_DeInit)
    DMA_Init                                 0x08001461   Thumb Code    60  stm32f10x_dma.o(i.DMA_Init)
    DS2780_CapacityInit                      0x0800149d   Thumb Code    20  ds2780.o(i.DS2780_CapacityInit)
    DS2780_DQ_IN                             0x080014c5   Thumb Code    30  ds2780.o(i.DS2780_DQ_IN)
    DS2780_DQ_OUT                            0x080014e9   Thumb Code    38  ds2780.o(i.DS2780_DQ_OUT)
    DS2780_Test                              0x08001515   Thumb Code   322  ds2780.o(i.DS2780_Test)
    DataRead_From_Flash                      0x08001789   Thumb Code   104  flash.o(i.DataRead_From_Flash)
    DataWrite_To_Flash                       0x08001861   Thumb Code   116  flash.o(i.DataWrite_To_Flash)
    DebugMon_Handler                         0x08001945   Thumb Code    10  stm32f10x_it.o(i.DebugMon_Handler)
    Delay_us                                 0x08001981   Thumb Code    52  bsp_systick.o(i.Delay_us)
    EXTI_ClearITPendingBit                   0x080019b9   Thumb Code     6  stm32f10x_exti.o(i.EXTI_ClearITPendingBit)
    Find_SpecialString                       0x080019c5   Thumb Code   148  gprs.o(i.Find_SpecialString)
    Find_String                              0x08001a59   Thumb Code   166  gprs.o(i.Find_String)
    GPIO_Init                                0x08001aff   Thumb Code   274  stm32f10x_gpio.o(i.GPIO_Init)
    GPIO_ReadInputDataBit                    0x08001c11   Thumb Code    18  stm32f10x_gpio.o(i.GPIO_ReadInputDataBit)
    GPIO_ResetBits                           0x08001c23   Thumb Code     4  stm32f10x_gpio.o(i.GPIO_ResetBits)
    GPIO_SetBits                             0x08001c27   Thumb Code     4  stm32f10x_gpio.o(i.GPIO_SetBits)
    GPRS_Receive_DataAnalysis                0x08001c2d   Thumb Code   222  gprs.o(i.GPRS_Receive_DataAnalysis)
    GregorianDay                             0x08001dd9   Thumb Code   144  bsp_date.o(i.GregorianDay)
    HardFault_Handler                        0x08001e6d   Thumb Code    18  stm32f10x_it.o(i.HardFault_Handler)
    IMP_SendMessage                          0x08001ea5   Thumb Code    14  433_wiminet.o(i.IMP_SendMessage)
    InitCommandMessage                       0x08001eb3   Thumb Code    16  433_wiminet.o(i.InitCommandMessage)
    MemManage_Handler                        0x08001ec5   Thumb Code    18  stm32f10x_it.o(i.MemManage_Handler)
    NMI_Handler                              0x08001efd   Thumb Code    10  stm32f10x_it.o(i.NMI_Handler)
    NVIC_Init                                0x08001f25   Thumb Code   102  misc.o(i.NVIC_Init)
    NVIC_PriorityGroupConfig                 0x08001f99   Thumb Code    10  misc.o(i.NVIC_PriorityGroupConfig)
    PWR_BackupAccessCmd                      0x08001fad   Thumb Code     6  stm32f10x_pwr.o(i.PWR_BackupAccessCmd)
    PWR_ClearFlag                            0x08001fb9   Thumb Code    14  stm32f10x_pwr.o(i.PWR_ClearFlag)
    PWR_EnterSTANDBYMode                     0x08001fcd   Thumb Code    42  stm32f10x_pwr.o(i.PWR_EnterSTANDBYMode)
    PWR_GetFlagStatus                        0x08002001   Thumb Code    20  stm32f10x_pwr.o(i.PWR_GetFlagStatus)
    PWR_WakeUpPinCmd                         0x08002019   Thumb Code     6  stm32f10x_pwr.o(i.PWR_WakeUpPinCmd)
    PendSV_Handler                           0x08002025   Thumb Code    10  stm32f10x_it.o(i.PendSV_Handler)
    PeripheralInit                           0x0800205d   Thumb Code   158  main.o(i.PeripheralInit)
    RCC_ADCCLKConfig                         0x0800213d   Thumb Code    18  stm32f10x_rcc.o(i.RCC_ADCCLKConfig)
    RCC_AHBPeriphClockCmd                    0x08002155   Thumb Code    26  stm32f10x_rcc.o(i.RCC_AHBPeriphClockCmd)
    RCC_APB1PeriphClockCmd                   0x08002175   Thumb Code    26  stm32f10x_rcc.o(i.RCC_APB1PeriphClockCmd)
    RCC_APB1PeriphResetCmd                   0x08002195   Thumb Code    26  stm32f10x_rcc.o(i.RCC_APB1PeriphResetCmd)
    RCC_APB2PeriphClockCmd                   0x080021b5   Thumb Code    26  stm32f10x_rcc.o(i.RCC_APB2PeriphClockCmd)
    RCC_APB2PeriphResetCmd                   0x080021d5   Thumb Code    26  stm32f10x_rcc.o(i.RCC_APB2PeriphResetCmd)
    RCC_BackupResetCmd                       0x080021f5   Thumb Code     6  stm32f10x_rcc.o(i.RCC_BackupResetCmd)
    RCC_ClearFlag                            0x08002201   Thumb Code    14  stm32f10x_rcc.o(i.RCC_ClearFlag)
    RCC_GetClocksFreq                        0x08002215   Thumb Code   192  stm32f10x_rcc.o(i.RCC_GetClocksFreq)
    RCC_GetFlagStatus                        0x080022e9   Thumb Code    56  stm32f10x_rcc.o(i.RCC_GetFlagStatus)
    RCC_LSEConfig                            0x08002325   Thumb Code    44  stm32f10x_rcc.o(i.RCC_LSEConfig)
    RCC_RTCCLKCmd                            0x08002359   Thumb Code     6  stm32f10x_rcc.o(i.RCC_RTCCLKCmd)
    RCC_RTCCLKConfig                         0x08002365   Thumb Code    12  stm32f10x_rcc.o(i.RCC_RTCCLKConfig)
    RTCAlarm_IRQHandler                      0x08002375   Thumb Code    54  stm32f10x_it.o(i.RTCAlarm_IRQHandler)
    RTC_CheckAndConfig                       0x080023b9   Thumb Code    66  bsp_rtc.o(i.RTC_CheckAndConfig)
    RTC_ClearITPendingBit                    0x08002401   Thumb Code    12  stm32f10x_rtc.o(i.RTC_ClearITPendingBit)
    RTC_Configuration                        0x08002411   Thumb Code    76  bsp_rtc.o(i.RTC_Configuration)
    RTC_EnterConfigMode                      0x0800245d   Thumb Code    14  stm32f10x_rtc.o(i.RTC_EnterConfigMode)
    RTC_ExitConfigMode                       0x08002471   Thumb Code    16  stm32f10x_rtc.o(i.RTC_ExitConfigMode)
    RTC_GetCounter                           0x08002485   Thumb Code    16  stm32f10x_rtc.o(i.RTC_GetCounter)
    RTC_GetITStatus                          0x08002499   Thumb Code    32  stm32f10x_rtc.o(i.RTC_GetITStatus)
    RTC_IRQHandler                           0x080024bd   Thumb Code    28  stm32f10x_it.o(i.RTC_IRQHandler)
    RTC_NVIC_Config                          0x080024dd   Thumb Code    40  bsp_rtc.o(i.RTC_NVIC_Config)
    RTC_SetAlarm                             0x08002505   Thumb Code    24  stm32f10x_rtc.o(i.RTC_SetAlarm)
    RTC_SetCounter                           0x08002521   Thumb Code    24  stm32f10x_rtc.o(i.RTC_SetCounter)
    RTC_SetPrescaler                         0x0800253d   Thumb Code    26  stm32f10x_rtc.o(i.RTC_SetPrescaler)
    RTC_WaitForLastTask                      0x0800255d   Thumb Code    14  stm32f10x_rtc.o(i.RTC_WaitForLastTask)
    RTC_WaitForSynchro                       0x08002571   Thumb Code    28  stm32f10x_rtc.o(i.RTC_WaitForSynchro)
    Receive                                  0x08002591   Thumb Code   140  main.o(i.Receive)
    ReceiveMessageVerify                     0x0800267d   Thumb Code   880  433_wiminet.o(i.ReceiveMessageVerify)
    Receive_Monitor_433                      0x08002ae9   Thumb Code    76  main.o(i.Receive_Monitor_433)
    ReverseBitOrder08                        0x08002b5d   Thumb Code    32  433_wiminet.o(i.ReverseBitOrder08)
    ReverseBitOrder16                        0x08002b7d   Thumb Code    36  433_wiminet.o(i.ReverseBitOrder16)
    SLNoiseDataBkp                           0x08002ba1   Thumb Code   360  flash.o(i.SLNoiseDataBkp)
    SLNoise_DataUpload                       0x08002d81   Thumb Code   994  aiderprotocol.o(i.SLNoise_DataUpload)
    SPI_Cmd                                  0x080032b5   Thumb Code    24  stm32f10x_spi.o(i.SPI_Cmd)
    SPI_FLASH_BufferRead                     0x080032cd   Thumb Code    82  flash.o(i.SPI_FLASH_BufferRead)
    SPI_FLASH_BufferWrite                    0x08003325   Thumb Code   290  flash.o(i.SPI_FLASH_BufferWrite)
    SPI_FLASH_Init                           0x08003449   Thumb Code   188  flash.o(i.SPI_FLASH_Init)
    SPI_FLASH_PageWrite                      0x0800350d   Thumb Code    96  flash.o(i.SPI_FLASH_PageWrite)
    SPI_FLASH_ReadDeviceID                   0x08003571   Thumb Code    60  flash.o(i.SPI_FLASH_ReadDeviceID)
    SPI_FLASH_ReadID                         0x080035b1   Thumb Code    78  flash.o(i.SPI_FLASH_ReadID)
    SPI_FLASH_SectorErase                    0x08003605   Thumb Code    66  flash.o(i.SPI_FLASH_SectorErase)
    SPI_FLASH_SendByte                       0x0800364d   Thumb Code    50  flash.o(i.SPI_FLASH_SendByte)
    SPI_FLASH_WaitForWriteEnd                0x08003685   Thumb Code    48  flash.o(i.SPI_FLASH_WaitForWriteEnd)
    SPI_FLASH_WriteEnable                    0x080036b9   Thumb Code    30  flash.o(i.SPI_FLASH_WriteEnable)
    SPI_Flash_PowerDown                      0x080036dd   Thumb Code    30  flash.o(i.SPI_Flash_PowerDown)
    SPI_I2S_GetFlagStatus                    0x08003701   Thumb Code    18  stm32f10x_spi.o(i.SPI_I2S_GetFlagStatus)
    SPI_I2S_ReceiveData                      0x08003713   Thumb Code     6  stm32f10x_spi.o(i.SPI_I2S_ReceiveData)
    SPI_I2S_SendData                         0x08003719   Thumb Code     4  stm32f10x_spi.o(i.SPI_I2S_SendData)
    SPI_Init                                 0x0800371d   Thumb Code    60  stm32f10x_spi.o(i.SPI_Init)
    SVC_Handler                              0x08003759   Thumb Code    10  stm32f10x_it.o(i.SVC_Handler)
    SendMessage                              0x0800378d   Thumb Code   342  433_wiminet.o(i.SendMessage)
    SendPretreatment                         0x080039c1   Thumb Code    24  gprs.o(i.SendPretreatment)
    SetNodeID                                0x080039d9   Thumb Code    84  433_wiminet.o(i.SetNodeID)
    Set_register_ds2780                      0x08003b25   Thumb Code   410  ds2780.o(i.Set_register_ds2780)
    Sms_Analysis                             0x08003cc1   Thumb Code   526  gprs.o(i.Sms_Analysis)
    Sms_Send                                 0x08004105   Thumb Code    96  gprs.o(i.Sms_Send)
    SysTick_Handler                          0x08004181   Thumb Code     8  stm32f10x_it.o(i.SysTick_Handler)
    SysTick_Init                             0x08004189   Thumb Code   106  bsp_systick.o(i.SysTick_Init)
    SystemInit                               0x08004205   Thumb Code    78  system_stm32f10x.o(i.SystemInit)
    TIM2_Configuration                       0x08004265   Thumb Code    80  bsp_timbase.o(i.TIM2_Configuration)
    TIM2_IRQHandler                          0x080042b5   Thumb Code    32  stm32f10x_it.o(i.TIM2_IRQHandler)
    TIM2_NVIC_Configuration                  0x080042d9   Thumb Code    42  bsp_timbase.o(i.TIM2_NVIC_Configuration)
    TIM3_Configuration                       0x08004305   Thumb Code    80  bsp_timbase.o(i.TIM3_Configuration)
    TIM3_IRQHandler                          0x08004359   Thumb Code    70  stm32f10x_it.o(i.TIM3_IRQHandler)
    TIM_ClearFlag                            0x080043b5   Thumb Code     6  stm32f10x_tim.o(i.TIM_ClearFlag)
    TIM_ClearITPendingBit                    0x080043bb   Thumb Code     6  stm32f10x_tim.o(i.TIM_ClearITPendingBit)
    TIM_Cmd                                  0x080043c1   Thumb Code    24  stm32f10x_tim.o(i.TIM_Cmd)
    TIM_DeInit                               0x080043d9   Thumb Code   424  stm32f10x_tim.o(i.TIM_DeInit)
    TIM_GetITStatus                          0x080045c1   Thumb Code    34  stm32f10x_tim.o(i.TIM_GetITStatus)
    TIM_ITConfig                             0x080045e3   Thumb Code    18  stm32f10x_tim.o(i.TIM_ITConfig)
    TIM_TimeBaseInit                         0x080045f5   Thumb Code   122  stm32f10x_tim.o(i.TIM_TimeBaseInit)
    TempNoiseDataBkp                         0x08004699   Thumb Code   102  flash.o(i.TempNoiseDataBkp)
    Time_Auto_Regulate                       0x0800475d   Thumb Code    92  bsp_rtc.o(i.Time_Auto_Regulate)
    Time_Display                             0x080047dd   Thumb Code    64  bsp_rtc.o(i.Time_Display)
    Time_Show                                0x08004849   Thumb Code    18  bsp_rtc.o(i.Time_Show)
    TimingDelay_Decrement                    0x0800485d   Thumb Code    18  bsp_systick.o(i.TimingDelay_Decrement)
    UART4_IRQHandler                         0x08004875   Thumb Code   144  stm32f10x_it.o(i.UART4_IRQHandler)
    UART_NVIC_Configuration                  0x08004939   Thumb Code   130  bsp_usart.o(i.UART_NVIC_Configuration)
    USART1_Config                            0x080049bd   Thumb Code   180  bsp_usart.o(i.USART1_Config)
    USART1_IRQHandler                        0x08004a79   Thumb Code   114  stm32f10x_it.o(i.USART1_IRQHandler)
    USART2_Config                            0x08004b19   Thumb Code   178  bsp_usart.o(i.USART2_Config)
    USART2_IRQHandler                        0x08004bd5   Thumb Code   116  stm32f10x_it.o(i.USART2_IRQHandler)
    USART3_Config                            0x08004c79   Thumb Code   162  bsp_usart.o(i.USART3_Config)
    USART3_IRQHandler                        0x08004d29   Thumb Code   110  stm32f10x_it.o(i.USART3_IRQHandler)
    USART4_Config                            0x08004dad   Thumb Code   162  bsp_usart.o(i.USART4_Config)
    USART_ClearFlag                          0x08004e59   Thumb Code    18  stm32f10x_usart.o(i.USART_ClearFlag)
    USART_ClearITPendingBit                  0x08004e6b   Thumb Code    30  stm32f10x_usart.o(i.USART_ClearITPendingBit)
    USART_Cmd                                0x08004e89   Thumb Code    24  stm32f10x_usart.o(i.USART_Cmd)
    USART_DataBlock_Send                     0x08004ea1   Thumb Code    48  gprs.o(i.USART_DataBlock_Send)
    USART_GetFlagStatus                      0x08004ed1   Thumb Code    26  stm32f10x_usart.o(i.USART_GetFlagStatus)
    USART_GetITStatus                        0x08004eeb   Thumb Code    84  stm32f10x_usart.o(i.USART_GetITStatus)
    USART_ITConfig                           0x08004f3f   Thumb Code    74  stm32f10x_usart.o(i.USART_ITConfig)
    USART_Init                               0x08004f89   Thumb Code   210  stm32f10x_usart.o(i.USART_Init)
    USART_ReceiveData                        0x08005061   Thumb Code    10  stm32f10x_usart.o(i.USART_ReceiveData)
    USART_SendData                           0x0800506b   Thumb Code     8  stm32f10x_usart.o(i.USART_SendData)
    UpdateNodeMsgCRC                         0x08005073   Thumb Code    42  433_wiminet.o(i.UpdateNodeMsgCRC)
    UploadFlash                              0x0800509d   Thumb Code   162  gprs.o(i.UploadFlash)
    UsageFault_Handler                       0x0800517d   Thumb Code    18  stm32f10x_it.o(i.UsageFault_Handler)
    WWDG_ClearFlag                           0x080051b5   Thumb Code     8  stm32f10x_wwdg.o(i.WWDG_ClearFlag)
    WWDG_Enable                              0x080051c1   Thumb Code    10  stm32f10x_wwdg.o(i.WWDG_Enable)
    WWDG_EnableIT                            0x080051d1   Thumb Code     8  stm32f10x_wwdg.o(i.WWDG_EnableIT)
    WWDG_IRQHandler                          0x080051dd   Thumb Code    34  stm32f10x_it.o(i.WWDG_IRQHandler)
    WWDG_Init                                0x08005209   Thumb Code    90  watchdog.o(i.WWDG_Init)
    WWDG_SetCounter                          0x08005269   Thumb Code    10  stm32f10x_wwdg.o(i.WWDG_SetCounter)
    WWDG_SetPrescaler                        0x08005279   Thumb Code    18  stm32f10x_wwdg.o(i.WWDG_SetPrescaler)
    WWDG_SetWindowValue                      0x08005291   Thumb Code    34  stm32f10x_wwdg.o(i.WWDG_SetWindowValue)
    __0printf                                0x080052b9   Thumb Code    22  printfa.o(i.__0printf)
    __1printf                                0x080052b9   Thumb Code     0  printfa.o(i.__0printf)
    __2printf                                0x080052b9   Thumb Code     0  printfa.o(i.__0printf)
    __c89printf                              0x080052b9   Thumb Code     0  printfa.o(i.__0printf)
    printf                                   0x080052b9   Thumb Code     0  printfa.o(i.__0printf)
    __0snprintf                              0x080052d9   Thumb Code    36  printfa.o(i.__0snprintf)
    __1snprintf                              0x080052d9   Thumb Code     0  printfa.o(i.__0snprintf)
    __2snprintf                              0x080052d9   Thumb Code     0  printfa.o(i.__0snprintf)
    __c89snprintf                            0x080052d9   Thumb Code     0  printfa.o(i.__0snprintf)
    snprintf                                 0x080052d9   Thumb Code     0  printfa.o(i.__0snprintf)
    __scatterload_copy                       0x08005301   Thumb Code    14  handlers.o(i.__scatterload_copy)
    __scatterload_null                       0x0800530f   Thumb Code     2  handlers.o(i.__scatterload_null)
    __scatterload_zeroinit                   0x08005311   Thumb Code    14  handlers.o(i.__scatterload_zeroinit)
    copy_data_ds2780                         0x08005bd9   Thumb Code    22  ds2780.o(i.copy_data_ds2780)
    fputc                                    0x08005bf1   Thumb Code    32  bsp_usart.o(i.fputc)
    get_ACR                                  0x08005c15   Thumb Code   126  ds2780.o(i.get_ACR)
    get_RAAC                                 0x08005c99   Thumb Code    72  ds2780.o(i.get_RAAC)
    get_current                              0x08005ce9   Thumb Code   130  ds2780.o(i.get_current)
    get_voltage                              0x08005d75   Thumb Code    78  ds2780.o(i.get_voltage)
    gotoSleep                                0x08005dcd   Thumb Code   488  common.o(i.gotoSleep)
    main                                     0x080060b1   Thumb Code   360  main.o(i.main)
    mktimev                                  0x080062fd   Thumb Code   124  bsp_date.o(i.mktimev)
    mput                                     0x0800637d   Thumb Code    74  gprs.o(i.mput)
    mput_mix                                 0x080063d5   Thumb Code   112  gprs.o(i.mput_mix)
    ntohs                                    0x0800646d   Thumb Code    12  api-platform.o(i.ntohs)
    read_bit                                 0x08006479   Thumb Code    50  ds2780.o(i.read_bit)
    read_byte                                0x080064b1   Thumb Code    32  ds2780.o(i.read_byte)
    read_byte_data                           0x080064d1   Thumb Code    24  ds2780.o(i.read_byte_data)
    reset                                    0x080064e9   Thumb Code    64  ds2780.o(i.reset)
    set_ACR                                  0x0800652d   Thumb Code    94  ds2780.o(i.set_ACR)
    to_tm                                    0x08006591   Thumb Code   194  bsp_date.o(i.to_tm)
    write_byte                               0x0800665d   Thumb Code    88  ds2780.o(i.write_byte)
    write_data                               0x080066b9   Thumb Code    30  ds2780.o(i.write_data)
    write_ds2780_cmd                         0x080066d7   Thumb Code    44  ds2780.o(i.write_ds2780_cmd)
    Region$$Table$$Base                      0x08006848   Number         0  anon$$obj.o(Region$$Table)
    Region$$Table$$Limit                     0x08006868   Number         0  anon$$obj.o(Region$$Table)
    SystemCoreClock                          0x20000000   Data           4  system_stm32f10x.o(.data)
    AHBPrescTable                            0x20000004   Data          16  system_stm32f10x.o(.data)
    WWDOG_Feed                               0x20000028   Data           2  main.o(.data)
    SetRev_OK                                0x2000002a   Data           1  main.o(.data)
    DatRev_OK                                0x2000002b   Data           1  main.o(.data)
    Alive                                    0x2000002c   Data           1  main.o(.data)
    PowerOffReset                            0x2000002d   Data           1  main.o(.data)
    LiquidDataSend_Flag                      0x2000002e   Data           1  main.o(.data)
    SLNoiseConfigFlag                        0x2000002f   Data           1  main.o(.data)
    DataCollectCount                         0x20000030   Data           1  main.o(.data)
    Usart1_recev_count                       0x20000032   Data           2  main.o(.data)
    Usart2_recev_buff                        0x20000034   Data           4  main.o(.data)
    Length_Frame                             0x20000038   Data           4  main.o(.data)
    Usart2_recev_count                       0x2000003c   Data           1  main.o(.data)
    DMA_UART3_RECEV_FLAG                     0x2000003d   Data           1  main.o(.data)
    Noise_Count                              0x2000003e   Data           2  main.o(.data)
    SampleTime                               0x20000040   Data           2  main.o(.data)
    SampleSpan                               0x20000042   Data           2  main.o(.data)
    Dense_Num                                0x20000044   Data           1  main.o(.data)
    UploadCount                              0x20000045   Data           1  main.o(.data)
    WakeTime                                 0x20000046   Data           2  main.o(.data)
    WakeSecond                               0x20000048   Data           2  main.o(.data)
    DeviceId                                 0x2000004a   Data           6  main.o(.data)
    NodeAddr                                 0x20000050   Data           2  main.o(.data)
    NoiseSensorFlag                          0x20000052   Data           1  main.o(.data)
    pMsg                                     0x20000054   Data           4  main.o(.data)
    time                                     0x20000058   Data           4  main.o(.data)
    Usart1_send_count                        0x2000005c   Data           1  main.o(.data)
    Tic_IWDG                                 0x20000060   Data           4  main.o(.data)
    Usart2_recev_count1                      0x20000064   Data           1  main.o(.data)
    receive_flag                             0x20000065   Data           1  main.o(.data)
    BkpCount                                 0x20000066   Data           1  main.o(.data)
    i                                        0x20000068   Data           4  main.o(.data)
    j                                        0x2000006c   Data           4  main.o(.data)
    Usart3_recev_count                       0x20000074   Data           2  gprs.o(.data)
    Usart4_recev_count                       0x20000076   Data           2  gprs.o(.data)
    CSQ_OK                                   0x20000078   Data           1  gprs.o(.data)
    Senser_Address                           0x2000007c   Data           1  modbus.o(.data)
    Uart4_rev_count                          0x2000007d   Data           1  modbus.o(.data)
    Uart4_send_counter                       0x2000007e   Data           1  modbus.o(.data)
    Uart4_rev_comflag                        0x2000007f   Data           1  modbus.o(.data)
    Uart4_send_ready_flag                    0x20000080   Data           1  modbus.o(.data)
    Crc_counter                              0x20000081   Data           1  modbus.o(.data)
    Uart4_send_pointer                       0x20000084   Data           4  modbus.o(.data)
    LevelDataCount                           0x20000088   Data           1  modbus.o(.data)
    TimeDisplay                              0x2000008c   Data           4  bsp_rtc.o(.data)
    WWDG_CNT                                 0x200000c4   Data           1  watchdog.o(.data)
    CRC_temp                                 0x200000c8   Data           2  aiderprotocol.o(.data)
    RSampleTime                              0x200000ca   Data           2  aiderprotocol.o(.data)
    ADC_ConvertedValueLocal                  0x200000cc   Data           4  aiderprotocol.o(.data)
    Tx_Buffer                                0x200000d0   Data           5  flash.o(.data)
    DeviceID                                 0x200000d8   Data           4  flash.o(.data)
    FlashID                                  0x200000dc   Data           4  flash.o(.data)
    TransferStatus1                          0x200000e0   Data           1  flash.o(.data)
    Rx_Buffer                                0x200000e1   Data           5  flash.o(.data)
    ADC_ConvertedValue                       0x200000e8   Data           2  bsp_adc.o(.data)
    __stdout                                 0x200000ec   Data           4  stdout.o(.data)
    LevelData_Float                          0x200000f0   Data          32  main.o(.bss)
    Usart1_recev_buff                        0x20000110   Data         300  main.o(.bss)
    Dense_Data                               0x2000023c   Data          60  main.o(.bss)
    Noise_Data                               0x20000278   Data          60  main.o(.bss)
    SLNoise_char                             0x200002b4   Data         300  main.o(.bss)
    Usart1_send_buff                         0x200003e0   Data         300  main.o(.bss)
    systmtime                                0x2000050c   Data          28  main.o(.bss)
    DeviceConfig                             0x20000528   Data          29  main.o(.bss)
    ConfigData                               0x20000545   Data          59  main.o(.bss)
    Msg                                      0x20000580   Data          62  main.o(.bss)
    Usart3_recev_buff                        0x200005be   Data        1000  gprs.o(.bss)
    Usart4_recev_buff                        0x200009a6   Data        1000  gprs.o(.bss)
    Uart4_rev_buff                           0x20000d8e   Data         100  modbus.o(.bss)
    Uart4_send_buff                          0x20000df2   Data         100  modbus.o(.bss)
    LSLiquidSend                             0x20000e56   Data         160  aiderprotocol.o(.bss)
    Config_Data                              0x20000ef6   Data          50  433_wiminet.o(.bss)
    __initial_sp                             0x20001328   Data           0  startup_stm32f10x_hd.o(STACK)



==============================================================================

Memory Map of the image

  Image Entry point : 0x08000131

  Load Region LR_IROM1 (Base: 0x08000000, Size: 0x00006958, Max: 0x00040000, ABSOLUTE)

    Execution Region ER_IROM1 (Base: 0x08000000, Size: 0x00006868, Max: 0x00040000, ABSOLUTE)

    Base Addr    Size         Type   Attr      Idx    E Section Name        Object

    0x08000000   0x00000130   Data   RO            3    RESET               startup_stm32f10x_hd.o
    0x08000130   0x00000000   Code   RO         4507  * .ARM.Collect$$$$00000000  mc_w.l(entry.o)
    0x08000130   0x00000004   Code   RO         4826    .ARM.Collect$$$$00000001  mc_w.l(entry2.o)
    0x08000134   0x00000004   Code   RO         4829    .ARM.Collect$$$$00000004  mc_w.l(entry5.o)
    0x08000138   0x00000000   Code   RO         4831    .ARM.Collect$$$$00000008  mc_w.l(entry7b.o)
    0x08000138   0x00000000   Code   RO         4833    .ARM.Collect$$$$0000000A  mc_w.l(entry8b.o)
    0x08000138   0x00000008   Code   RO         4834    .ARM.Collect$$$$0000000B  mc_w.l(entry9a.o)
    0x08000140   0x00000000   Code   RO         4836    .ARM.Collect$$$$0000000D  mc_w.l(entry10a.o)
    0x08000140   0x00000000   Code   RO         4838    .ARM.Collect$$$$0000000F  mc_w.l(entry11a.o)
    0x08000140   0x00000004   Code   RO         4827    .ARM.Collect$$$$00002712  mc_w.l(entry2.o)
    0x08000144   0x00000024   Code   RO            4    .text               startup_stm32f10x_hd.o
    0x08000168   0x00000024   Code   RO         4510    .text               mc_w.l(memcpya.o)
    0x0800018c   0x00000024   Code   RO         4512    .text               mc_w.l(memseta.o)
    0x080001b0   0x0000000e   Code   RO         4514    .text               mc_w.l(strlen.o)
    0x080001be   0x0000006c   Code   RO         4781    .text               mf_w.l(fmul.o)
    0x0800022a   0x00000080   Code   RO         4783    .text               mf_w.l(fdiv.o)
    0x080002aa   0x0000014e   Code   RO         4785    .text               mf_w.l(dadd.o)
    0x080003f8   0x000000e4   Code   RO         4787    .text               mf_w.l(dmul.o)
    0x080004dc   0x000000de   Code   RO         4789    .text               mf_w.l(ddiv.o)
    0x080005ba   0x00000012   Code   RO         4791    .text               mf_w.l(fflti.o)
    0x080005cc   0x0000000a   Code   RO         4793    .text               mf_w.l(ffltui.o)
    0x080005d6   0x0000001a   Code   RO         4797    .text               mf_w.l(dfltui.o)
    0x080005f0   0x00000028   Code   RO         4799    .text               mf_w.l(ffixui.o)
    0x08000618   0x00000032   Code   RO         4803    .text               mf_w.l(dfixui.o)
    0x0800064a   0x00000026   Code   RO         4805    .text               mf_w.l(f2d.o)
    0x08000670   0x00000028   Code   RO         4807    .text               mf_w.l(cdrcmple.o)
    0x08000698   0x00000038   Code   RO         4809    .text               mf_w.l(d2f.o)
    0x080006d0   0x0000002c   Code   RO         4841    .text               mc_w.l(uidiv.o)
    0x080006fc   0x00000062   Code   RO         4843    .text               mc_w.l(uldiv.o)
    0x0800075e   0x0000001e   Code   RO         4845    .text               mc_w.l(llshl.o)
    0x0800077c   0x00000020   Code   RO         4847    .text               mc_w.l(llushr.o)
    0x0800079c   0x00000024   Code   RO         4849    .text               mc_w.l(llsshr.o)
    0x080007c0   0x00000000   Code   RO         4858    .text               mc_w.l(iusefp.o)
    0x080007c0   0x0000006c   Code   RO         4859    .text               mf_w.l(fepilogue.o)
    0x0800082c   0x000000be   Code   RO         4861    .text               mf_w.l(depilogue.o)
    0x080008ea   0x00000030   Code   RO         4865    .text               mf_w.l(dfixul.o)
    0x0800091a   0x00000002   PAD
    0x0800091c   0x00000024   Code   RO         4867    .text               mc_w.l(init.o)
    0x08000940   0x00000030   Code   RO         4469    i.ADC1_GPIO_Config  bsp_adc.o
    0x08000970   0x0000000c   Code   RO         4470    i.ADC1_Init         bsp_adc.o
    0x0800097c   0x000000e0   Code   RO         4471    i.ADC1_Mode_Config  bsp_adc.o
    0x08000a5c   0x00000016   Code   RO          162    i.ADC_Cmd           stm32f10x_adc.o
    0x08000a72   0x00000016   Code   RO          163    i.ADC_DMACmd        stm32f10x_adc.o
    0x08000a88   0x00000014   Code   RO          170    i.ADC_GetCalibrationStatus  stm32f10x_adc.o
    0x08000a9c   0x00000014   Code   RO          176    i.ADC_GetResetCalibrationStatus  stm32f10x_adc.o
    0x08000ab0   0x00000050   Code   RO          180    i.ADC_Init          stm32f10x_adc.o
    0x08000b00   0x000000b8   Code   RO          184    i.ADC_RegularChannelConfig  stm32f10x_adc.o
    0x08000bb8   0x0000000a   Code   RO          185    i.ADC_ResetCalibration  stm32f10x_adc.o
    0x08000bc2   0x00000016   Code   RO          187    i.ADC_SoftwareStartConvCmd  stm32f10x_adc.o
    0x08000bd8   0x0000000a   Code   RO          189    i.ADC_StartCalibration  stm32f10x_adc.o
    0x08000be2   0x00000002   PAD
    0x08000be4   0x00000078   Code   RO         3993    i.AddrMapping       flash.o
    0x08000c5c   0x00000010   Code   RO          380    i.BKP_DeInit        stm32f10x_bkp.o
    0x08000c6c   0x0000001c   Code   RO          385    i.BKP_ReadBackupRegister  stm32f10x_bkp.o
    0x08000c88   0x0000000c   Code   RO          387    i.BKP_TamperPinCmd  stm32f10x_bkp.o
    0x08000c94   0x0000001c   Code   RO          389    i.BKP_WriteBackupRegister  stm32f10x_bkp.o
    0x08000cb0   0x000000dc   Code   RO         3994    i.BatteryCapacityRead_From_Flash  flash.o
    0x08000d8c   0x000000bc   Code   RO         3995    i.BatteryCapacityWrite_to_Flash  flash.o
    0x08000e48   0x00000034   Code   RO         3285    i.BusFault_Handler  stm32f10x_it.o
    0x08000e7c   0x00000050   Code   RO         4156    i.CRC16             433_wiminet.o
    0x08000ecc   0x00000128   Code   RO         3932    i.ConfigData_Init   aiderprotocol.o
    0x08000ff4   0x00000308   Code   RO         3933    i.ConfigData_Upload  aiderprotocol.o
    0x080012fc   0x00000018   Code   RO          859    i.DMA_Cmd           stm32f10x_dma.o
    0x08001314   0x0000014c   Code   RO          860    i.DMA_DeInit        stm32f10x_dma.o
    0x08001460   0x0000003c   Code   RO          865    i.DMA_Init          stm32f10x_dma.o
    0x0800149c   0x00000028   Code   RO         4301    i.DS2780_CapacityInit  ds2780.o
    0x080014c4   0x00000024   Code   RO         4302    i.DS2780_DQ_IN      ds2780.o
    0x080014e8   0x0000002c   Code   RO         4303    i.DS2780_DQ_OUT     ds2780.o
    0x08001514   0x00000274   Code   RO         4304    i.DS2780_Test       ds2780.o
    0x08001788   0x000000d8   Code   RO         3997    i.DataRead_From_Flash  flash.o
    0x08001860   0x000000e4   Code   RO         3998    i.DataWrite_To_Flash  flash.o
    0x08001944   0x0000003c   Code   RO         3286    i.DebugMon_Handler  stm32f10x_it.o
    0x08001980   0x00000038   Code   RO         3500    i.Delay_us          bsp_systick.o
    0x080019b8   0x0000000c   Code   RO          930    i.EXTI_ClearITPendingBit  stm32f10x_exti.o
    0x080019c4   0x00000094   Code   RO         3534    i.Find_SpecialString  gprs.o
    0x08001a58   0x000000a6   Code   RO         3535    i.Find_String       gprs.o
    0x08001afe   0x00000112   Code   RO         1286    i.GPIO_Init         stm32f10x_gpio.o
    0x08001c10   0x00000012   Code   RO         1290    i.GPIO_ReadInputDataBit  stm32f10x_gpio.o
    0x08001c22   0x00000004   Code   RO         1293    i.GPIO_ResetBits    stm32f10x_gpio.o
    0x08001c26   0x00000004   Code   RO         1294    i.GPIO_SetBits      stm32f10x_gpio.o
    0x08001c2a   0x00000002   PAD
    0x08001c2c   0x000001ac   Code   RO         3538    i.GPRS_Receive_DataAnalysis  gprs.o
    0x08001dd8   0x00000094   Code   RO         3884    i.GregorianDay      bsp_date.o
    0x08001e6c   0x00000038   Code   RO         3287    i.HardFault_Handler  stm32f10x_it.o
    0x08001ea4   0x0000000e   Code   RO         4159    i.IMP_SendMessage   433_wiminet.o
    0x08001eb2   0x00000010   Code   RO         4160    i.InitCommandMessage  433_wiminet.o
    0x08001ec2   0x00000002   PAD
    0x08001ec4   0x00000038   Code   RO         3288    i.MemManage_Handler  stm32f10x_it.o
    0x08001efc   0x00000028   Code   RO         3289    i.NMI_Handler       stm32f10x_it.o
    0x08001f24   0x00000074   Code   RO          116    i.NVIC_Init         misc.o
    0x08001f98   0x00000014   Code   RO          117    i.NVIC_PriorityGroupConfig  misc.o
    0x08001fac   0x0000000c   Code   RO         1646    i.PWR_BackupAccessCmd  stm32f10x_pwr.o
    0x08001fb8   0x00000014   Code   RO         1647    i.PWR_ClearFlag     stm32f10x_pwr.o
    0x08001fcc   0x00000034   Code   RO         1649    i.PWR_EnterSTANDBYMode  stm32f10x_pwr.o
    0x08002000   0x00000018   Code   RO         1651    i.PWR_GetFlagStatus  stm32f10x_pwr.o
    0x08002018   0x0000000c   Code   RO         1654    i.PWR_WakeUpPinCmd  stm32f10x_pwr.o
    0x08002024   0x00000038   Code   RO         3290    i.PendSV_Handler    stm32f10x_it.o
    0x0800205c   0x000000e0   Code   RO         3110    i.PeripheralInit    main.o
    0x0800213c   0x00000018   Code   RO         1706    i.RCC_ADCCLKConfig  stm32f10x_rcc.o
    0x08002154   0x00000020   Code   RO         1707    i.RCC_AHBPeriphClockCmd  stm32f10x_rcc.o
    0x08002174   0x00000020   Code   RO         1708    i.RCC_APB1PeriphClockCmd  stm32f10x_rcc.o
    0x08002194   0x00000020   Code   RO         1709    i.RCC_APB1PeriphResetCmd  stm32f10x_rcc.o
    0x080021b4   0x00000020   Code   RO         1710    i.RCC_APB2PeriphClockCmd  stm32f10x_rcc.o
    0x080021d4   0x00000020   Code   RO         1711    i.RCC_APB2PeriphResetCmd  stm32f10x_rcc.o
    0x080021f4   0x0000000c   Code   RO         1713    i.RCC_BackupResetCmd  stm32f10x_rcc.o
    0x08002200   0x00000014   Code   RO         1714    i.RCC_ClearFlag     stm32f10x_rcc.o
    0x08002214   0x000000d4   Code   RO         1718    i.RCC_GetClocksFreq  stm32f10x_rcc.o
    0x080022e8   0x0000003c   Code   RO         1719    i.RCC_GetFlagStatus  stm32f10x_rcc.o
    0x08002324   0x00000034   Code   RO         1726    i.RCC_LSEConfig     stm32f10x_rcc.o
    0x08002358   0x0000000c   Code   RO         1733    i.RCC_RTCCLKCmd     stm32f10x_rcc.o
    0x08002364   0x00000010   Code   RO         1734    i.RCC_RTCCLKConfig  stm32f10x_rcc.o
    0x08002374   0x00000044   Code   RO         3291    i.RTCAlarm_IRQHandler  stm32f10x_it.o
    0x080023b8   0x00000048   Code   RO         3828    i.RTC_CheckAndConfig  bsp_rtc.o
    0x08002400   0x00000010   Code   RO         1907    i.RTC_ClearITPendingBit  stm32f10x_rtc.o
    0x08002410   0x0000004c   Code   RO         3829    i.RTC_Configuration  bsp_rtc.o
    0x0800245c   0x00000014   Code   RO         1908    i.RTC_EnterConfigMode  stm32f10x_rtc.o
    0x08002470   0x00000014   Code   RO         1909    i.RTC_ExitConfigMode  stm32f10x_rtc.o
    0x08002484   0x00000014   Code   RO         1910    i.RTC_GetCounter    stm32f10x_rtc.o
    0x08002498   0x00000024   Code   RO         1913    i.RTC_GetITStatus   stm32f10x_rtc.o
    0x080024bc   0x00000020   Code   RO         3292    i.RTC_IRQHandler    stm32f10x_it.o
    0x080024dc   0x00000028   Code   RO         3830    i.RTC_NVIC_Config   bsp_rtc.o
    0x08002504   0x0000001c   Code   RO         1915    i.RTC_SetAlarm      stm32f10x_rtc.o
    0x08002520   0x0000001c   Code   RO         1916    i.RTC_SetCounter    stm32f10x_rtc.o
    0x0800253c   0x00000020   Code   RO         1917    i.RTC_SetPrescaler  stm32f10x_rtc.o
    0x0800255c   0x00000014   Code   RO         1918    i.RTC_WaitForLastTask  stm32f10x_rtc.o
    0x08002570   0x00000020   Code   RO         1919    i.RTC_WaitForSynchro  stm32f10x_rtc.o
    0x08002590   0x000000ec   Code   RO         3111    i.Receive           main.o
    0x0800267c   0x0000046c   Code   RO         4162    i.ReceiveMessageVerify  433_wiminet.o
    0x08002ae8   0x00000074   Code   RO         3113    i.Receive_Monitor_433  main.o
    0x08002b5c   0x00000020   Code   RO         4163    i.ReverseBitOrder08  433_wiminet.o
    0x08002b7c   0x00000024   Code   RO         4164    i.ReverseBitOrder16  433_wiminet.o
    0x08002ba0   0x000001e0   Code   RO         3999    i.SLNoiseDataBkp    flash.o
    0x08002d80   0x00000534   Code   RO         3936    i.SLNoise_DataUpload  aiderprotocol.o
    0x080032b4   0x00000018   Code   RO         2187    i.SPI_Cmd           stm32f10x_spi.o
    0x080032cc   0x00000058   Code   RO         4000    i.SPI_FLASH_BufferRead  flash.o
    0x08003324   0x00000122   Code   RO         4001    i.SPI_FLASH_BufferWrite  flash.o
    0x08003446   0x00000002   PAD
    0x08003448   0x000000c4   Code   RO         4003    i.SPI_FLASH_Init    flash.o
    0x0800350c   0x00000064   Code   RO         4004    i.SPI_FLASH_PageWrite  flash.o
    0x08003570   0x00000040   Code   RO         4006    i.SPI_FLASH_ReadDeviceID  flash.o
    0x080035b0   0x00000054   Code   RO         4007    i.SPI_FLASH_ReadID  flash.o
    0x08003604   0x00000048   Code   RO         4008    i.SPI_FLASH_SectorErase  flash.o
    0x0800364c   0x00000038   Code   RO         4009    i.SPI_FLASH_SendByte  flash.o
    0x08003684   0x00000034   Code   RO         4012    i.SPI_FLASH_WaitForWriteEnd  flash.o
    0x080036b8   0x00000024   Code   RO         4013    i.SPI_FLASH_WriteEnable  flash.o
    0x080036dc   0x00000024   Code   RO         4014    i.SPI_Flash_PowerDown  flash.o
    0x08003700   0x00000012   Code   RO         2195    i.SPI_I2S_GetFlagStatus  stm32f10x_spi.o
    0x08003712   0x00000006   Code   RO         2198    i.SPI_I2S_ReceiveData  stm32f10x_spi.o
    0x08003718   0x00000004   Code   RO         2199    i.SPI_I2S_SendData  stm32f10x_spi.o
    0x0800371c   0x0000003c   Code   RO         2200    i.SPI_Init          stm32f10x_spi.o
    0x08003758   0x00000034   Code   RO         3293    i.SVC_Handler       stm32f10x_it.o
    0x0800378c   0x00000234   Code   RO         4165    i.SendMessage       433_wiminet.o
    0x080039c0   0x00000018   Code   RO         3543    i.SendPretreatment  gprs.o
    0x080039d8   0x00000068   Code   RO         4166    i.SetNodeID         433_wiminet.o
    0x08003a40   0x00000008   Code   RO           24    i.SetSysClock       system_stm32f10x.o
    0x08003a48   0x000000dc   Code   RO           25    i.SetSysClockTo72   system_stm32f10x.o
    0x08003b24   0x0000019a   Code   RO         4305    i.Set_register_ds2780  ds2780.o
    0x08003cbe   0x00000002   PAD
    0x08003cc0   0x00000444   Code   RO         3544    i.Sms_Analysis      gprs.o
    0x08004104   0x0000007c   Code   RO         3546    i.Sms_Send          gprs.o
    0x08004180   0x00000008   Code   RO         3294    i.SysTick_Handler   stm32f10x_it.o
    0x08004188   0x0000007c   Code   RO         3501    i.SysTick_Init      bsp_systick.o
    0x08004204   0x00000060   Code   RO           27    i.SystemInit        system_stm32f10x.o
    0x08004264   0x00000050   Code   RO         3413    i.TIM2_Configuration  bsp_timbase.o
    0x080042b4   0x00000024   Code   RO         3295    i.TIM2_IRQHandler   stm32f10x_it.o
    0x080042d8   0x0000002a   Code   RO         3414    i.TIM2_NVIC_Configuration  bsp_timbase.o
    0x08004302   0x00000002   PAD
    0x08004304   0x00000054   Code   RO         3415    i.TIM3_Configuration  bsp_timbase.o
    0x08004358   0x0000005c   Code   RO         3296    i.TIM3_IRQHandler   stm32f10x_it.o
    0x080043b4   0x00000006   Code   RO         2336    i.TIM_ClearFlag     stm32f10x_tim.o
    0x080043ba   0x00000006   Code   RO         2337    i.TIM_ClearITPendingBit  stm32f10x_tim.o
    0x080043c0   0x00000018   Code   RO         2342    i.TIM_Cmd           stm32f10x_tim.o
    0x080043d8   0x000001e8   Code   RO         2347    i.TIM_DeInit        stm32f10x_tim.o
    0x080045c0   0x00000022   Code   RO         2363    i.TIM_GetITStatus   stm32f10x_tim.o
    0x080045e2   0x00000012   Code   RO         2367    i.TIM_ITConfig      stm32f10x_tim.o
    0x080045f4   0x000000a4   Code   RO         2413    i.TIM_TimeBaseInit  stm32f10x_tim.o
    0x08004698   0x000000c4   Code   RO         4016    i.TempNoiseDataBkp  flash.o
    0x0800475c   0x00000080   Code   RO         3831    i.Time_Auto_Regulate  bsp_rtc.o
    0x080047dc   0x0000006c   Code   RO         3832    i.Time_Display      bsp_rtc.o
    0x08004848   0x00000012   Code   RO         3833    i.Time_Show         bsp_rtc.o
    0x0800485a   0x00000002   PAD
    0x0800485c   0x00000018   Code   RO         3502    i.TimingDelay_Decrement  bsp_systick.o
    0x08004874   0x000000c4   Code   RO         3297    i.UART4_IRQHandler  stm32f10x_it.o
    0x08004938   0x00000082   Code   RO         3443    i.UART_NVIC_Configuration  bsp_usart.o
    0x080049ba   0x00000002   PAD
    0x080049bc   0x000000bc   Code   RO         3444    i.USART1_Config     bsp_usart.o
    0x08004a78   0x000000a0   Code   RO         3298    i.USART1_IRQHandler  stm32f10x_it.o
    0x08004b18   0x000000bc   Code   RO         3445    i.USART2_Config     bsp_usart.o
    0x08004bd4   0x000000a4   Code   RO         3299    i.USART2_IRQHandler  stm32f10x_it.o
    0x08004c78   0x000000b0   Code   RO         3446    i.USART3_Config     bsp_usart.o
    0x08004d28   0x00000084   Code   RO         3300    i.USART3_IRQHandler  stm32f10x_it.o
    0x08004dac   0x000000ac   Code   RO         3448    i.USART4_Config     bsp_usart.o
    0x08004e58   0x00000012   Code   RO         2874    i.USART_ClearFlag   stm32f10x_usart.o
    0x08004e6a   0x0000001e   Code   RO         2875    i.USART_ClearITPendingBit  stm32f10x_usart.o
    0x08004e88   0x00000018   Code   RO         2878    i.USART_Cmd         stm32f10x_usart.o
    0x08004ea0   0x00000030   Code   RO         3549    i.USART_DataBlock_Send  gprs.o
    0x08004ed0   0x0000001a   Code   RO         2881    i.USART_GetFlagStatus  stm32f10x_usart.o
    0x08004eea   0x00000054   Code   RO         2882    i.USART_GetITStatus  stm32f10x_usart.o
    0x08004f3e   0x0000004a   Code   RO         2884    i.USART_ITConfig    stm32f10x_usart.o
    0x08004f88   0x000000d8   Code   RO         2885    i.USART_Init        stm32f10x_usart.o
    0x08005060   0x0000000a   Code   RO         2892    i.USART_ReceiveData  stm32f10x_usart.o
    0x0800506a   0x00000008   Code   RO         2895    i.USART_SendData    stm32f10x_usart.o
    0x08005072   0x0000002a   Code   RO         4167    i.UpdateNodeMsgCRC  433_wiminet.o
    0x0800509c   0x000000e0   Code   RO         3550    i.UploadFlash       gprs.o
    0x0800517c   0x00000038   Code   RO         3301    i.UsageFault_Handler  stm32f10x_it.o
    0x080051b4   0x0000000c   Code   RO         3054    i.WWDG_ClearFlag    stm32f10x_wwdg.o
    0x080051c0   0x00000010   Code   RO         3056    i.WWDG_Enable       stm32f10x_wwdg.o
    0x080051d0   0x0000000c   Code   RO         3057    i.WWDG_EnableIT     stm32f10x_wwdg.o
    0x080051dc   0x0000002c   Code   RO         3302    i.WWDG_IRQHandler   stm32f10x_it.o
    0x08005208   0x00000060   Code   RO         3914    i.WWDG_Init         watchdog.o
    0x08005268   0x00000010   Code   RO         3059    i.WWDG_SetCounter   stm32f10x_wwdg.o
    0x08005278   0x00000018   Code   RO         3060    i.WWDG_SetPrescaler  stm32f10x_wwdg.o
    0x08005290   0x00000028   Code   RO         3061    i.WWDG_SetWindowValue  stm32f10x_wwdg.o
    0x080052b8   0x00000020   Code   RO         4751    i.__0printf         mc_w.l(printfa.o)
    0x080052d8   0x00000028   Code   RO         4752    i.__0snprintf       mc_w.l(printfa.o)
    0x08005300   0x0000000e   Code   RO         4875    i.__scatterload_copy  mc_w.l(handlers.o)
    0x0800530e   0x00000002   Code   RO         4876    i.__scatterload_null  mc_w.l(handlers.o)
    0x08005310   0x0000000e   Code   RO         4877    i.__scatterload_zeroinit  mc_w.l(handlers.o)
    0x0800531e   0x00000002   PAD
    0x08005320   0x0000015c   Code   RO         4758    i._fp_digits        mc_w.l(printfa.o)
    0x0800547c   0x000006f0   Code   RO         4759    i._printf_core      mc_w.l(printfa.o)
    0x08005b6c   0x00000026   Code   RO         4760    i._printf_post_padding  mc_w.l(printfa.o)
    0x08005b92   0x00000030   Code   RO         4761    i._printf_pre_padding  mc_w.l(printfa.o)
    0x08005bc2   0x00000016   Code   RO         4762    i._snputc           mc_w.l(printfa.o)
    0x08005bd8   0x00000016   Code   RO         4306    i.copy_data_ds2780  ds2780.o
    0x08005bee   0x00000002   PAD
    0x08005bf0   0x00000024   Code   RO         3450    i.fputc             bsp_usart.o
    0x08005c14   0x00000084   Code   RO         4307    i.get_ACR           ds2780.o
    0x08005c98   0x00000050   Code   RO         4310    i.get_RAAC          ds2780.o
    0x08005ce8   0x0000008c   Code   RO         4313    i.get_current       ds2780.o
    0x08005d74   0x00000058   Code   RO         4316    i.get_voltage       ds2780.o
    0x08005dcc   0x000002e4   Code   RO         4275    i.gotoSleep         common.o
    0x080060b0   0x0000024c   Code   RO         3115    i.main              main.o
    0x080062fc   0x00000080   Code   RO         3885    i.mktimev           bsp_date.o
    0x0800637c   0x00000058   Code   RO         3551    i.mput              gprs.o
    0x080063d4   0x00000098   Code   RO         3552    i.mput_mix          gprs.o
    0x0800646c   0x0000000c   Code   RO         4255    i.ntohs             api-platform.o
    0x08006478   0x00000038   Code   RO         4317    i.read_bit          ds2780.o
    0x080064b0   0x00000020   Code   RO         4318    i.read_byte         ds2780.o
    0x080064d0   0x00000018   Code   RO         4319    i.read_byte_data    ds2780.o
    0x080064e8   0x00000044   Code   RO         4321    i.reset             ds2780.o
    0x0800652c   0x00000064   Code   RO         4322    i.set_ACR           ds2780.o
    0x08006590   0x000000cc   Code   RO         3886    i.to_tm             bsp_date.o
    0x0800665c   0x0000005c   Code   RO         4324    i.write_byte        ds2780.o
    0x080066b8   0x0000001e   Code   RO         4325    i.write_data        ds2780.o
    0x080066d6   0x0000002c   Code   RO         4326    i.write_ds2780_cmd  ds2780.o
    0x08006702   0x00000002   PAD
    0x08006704   0x00000034   Data   RO         3887    .constdata          bsp_date.o
    0x08006738   0x00000043   Data   RO         3940    .constdata          aiderprotocol.o
    0x0800677b   0x00000001   PAD
    0x0800677c   0x000000cb   Data   RO         4276    .constdata          common.o
    0x08006847   0x00000001   PAD
    0x08006848   0x00000020   Data   RO         4873    Region$$Table       anon$$obj.o


    Execution Region RW_IRAM1 (Base: 0x20000000, Size: 0x00001328, Max: 0x0000c000, ABSOLUTE)

    Base Addr    Size         Type   Attr      Idx    E Section Name        Object

    0x20000000   0x00000014   Data   RW           28    .data               system_stm32f10x.o
    0x20000014   0x00000014   Data   RW         1738    .data               stm32f10x_rcc.o
    0x20000028   0x00000048   Data   RW         3117    .data               main.o
    0x20000070   0x00000004   Data   RW         3503    .data               bsp_systick.o
    0x20000074   0x00000005   Data   RW         3554    .data               gprs.o
    0x20000079   0x00000003   PAD
    0x2000007c   0x0000000d   Data   RW         3775    .data               modbus.o
    0x20000089   0x00000003   PAD
    0x2000008c   0x00000008   Data   RW         3834    .data               bsp_rtc.o
    0x20000094   0x00000030   Data   RW         3888    .data               bsp_date.o
    0x200000c4   0x00000001   Data   RW         3915    .data               watchdog.o
    0x200000c5   0x00000003   PAD
    0x200000c8   0x00000008   Data   RW         3941    .data               aiderprotocol.o
    0x200000d0   0x00000016   Data   RW         4018    .data               flash.o
    0x200000e6   0x00000001   Data   RW         4327    .data               ds2780.o
    0x200000e7   0x00000001   PAD
    0x200000e8   0x00000002   Data   RW         4472    .data               bsp_adc.o
    0x200000ea   0x00000002   PAD
    0x200000ec   0x00000004   Data   RW         4840    .data               mc_w.l(stdout.o)
    0x200000f0   0x000004ce   Zero   RW         3116    .bss                main.o
    0x200005be   0x000007d0   Zero   RW         3553    .bss                gprs.o
    0x20000d8e   0x000000c8   Zero   RW         3774    .bss                modbus.o
    0x20000e56   0x000000a0   Zero   RW         3939    .bss                aiderprotocol.o
    0x20000ef6   0x00000032   Zero   RW         4168    .bss                433_wiminet.o
    0x20000f28   0x00000400   Zero   RW            1    STACK               startup_stm32f10x_hd.o


==============================================================================

Image component sizes


      Code (inc. data)   RO Data    RW Data    ZI Data      Debug   Object Name

      2020        494          0          0         50      11223   433_wiminet.o
      2404        520         67          8        160       7239   aiderprotocol.o
        12          0          0          0          0        592   api-platform.o
       284         20          0          2          0       2433   bsp_adc.o
       480         18         52         48          0       3353   bsp_date.o
       442         86          0          8          0       5826   bsp_rtc.o
       204         28          0          4          0      17657   bsp_systick.o
       206          4          0          0          0       1824   bsp_timbase.o
       890         46          0          0          0       4074   bsp_usart.o
       740        252        203          0          0       2251   common.o
         0          0          0          0          0       4212   core_cm3.o
      2066        392          0          1          0      12100   ds2780.o
      2722        752          0         22          0      14175   flash.o
      2494        916          0          5       2000     222674   gprs.o
      1164        430          0         72       1230     217008   main.o
       136         24          0          0          0       1731   misc.o
         0          0          0         13        200       1573   modbus.o
        36          8        304          0       1024        864   startup_stm32f10x_hd.o
       390         10          0          0          0       7977   stm32f10x_adc.o
        84         16          0          0          0       3503   stm32f10x_bkp.o
       416          8          0          0          0       3674   stm32f10x_dma.o
        12          6          0          0          0        585   stm32f10x_exti.o
       300          0          0          0          0       3952   stm32f10x_gpio.o
      1360        538          0          0          0      10990   stm32f10x_it.o
       120         32          0          0          0       2888   stm32f10x_pwr.o
       568         90          0         20          0      10799   stm32f10x_rcc.o
       252         46          0          0          0       5756   stm32f10x_rtc.o
       112          0          0          0          0       4186   stm32f10x_spi.o
       740        106          0          0          0       5371   stm32f10x_tim.o
       490          6          0          0          0       7933   stm32f10x_usart.o
       120         32          0          0          0       4143   stm32f10x_wwdg.o
       324         26          0         20          0     277389   system_stm32f10x.o
        96          6          0          1          0       1007   watchdog.o

    ----------------------------------------------------------------------
     21704       4912        660        236       4664     880962   Object Totals
         0          0         32          0          0          0   (incl. Generated)
        20          0          2         12          0          0   (incl. Padding)

    ----------------------------------------------------------------------

      Code (inc. data)   RO Data    RW Data    ZI Data      Debug   Library Member Name

         0          0          0          0          0          0   entry.o
         0          0          0          0          0          0   entry10a.o
         0          0          0          0          0          0   entry11a.o
         8          4          0          0          0          0   entry2.o
         4          0          0          0          0          0   entry5.o
         0          0          0          0          0          0   entry7b.o
         0          0          0          0          0          0   entry8b.o
         8          4          0          0          0          0   entry9a.o
        30          0          0          0          0          0   handlers.o
        36          8          0          0          0         68   init.o
         0          0          0          0          0          0   iusefp.o
        30          0          0          0          0         68   llshl.o
        36          0          0          0          0         68   llsshr.o
        32          0          0          0          0         68   llushr.o
        36          0          0          0          0         68   memcpya.o
        36          0          0          0          0        108   memseta.o
      2304         94          0          0          0        596   printfa.o
         0          0          0          4          0          0   stdout.o
        14          0          0          0          0         68   strlen.o
        44          0          0          0          0         80   uidiv.o
        98          0          0          0          0         92   uldiv.o
        40          2          0          0          0         68   cdrcmple.o
        56          0          0          0          0         88   d2f.o
       334          0          0          0          0        148   dadd.o
       222          0          0          0          0        100   ddiv.o
       190          0          0          0          0        176   depilogue.o
        50          0          0          0          0         76   dfixui.o
        48          0          0          0          0         68   dfixul.o
        26          0          0          0          0         76   dfltui.o
       228          0          0          0          0         96   dmul.o
        38          0          0          0          0         68   f2d.o
       128          0          0          0          0         88   fdiv.o
       108          0          0          0          0        168   fepilogue.o
        40          0          0          0          0         68   ffixui.o
        18          0          0          0          0         68   fflti.o
        10          0          0          0          0         68   ffltui.o
       108          0          0          0          0         76   fmul.o

    ----------------------------------------------------------------------
      4364        112          0          4          0       2784   Library Totals
         4          0          0          0          0          0   (incl. Padding)

    ----------------------------------------------------------------------

      Code (inc. data)   RO Data    RW Data    ZI Data      Debug   Library Name

      2716        110          0          4          0       1284   mc_w.l
      1644          2          0          0          0       1500   mf_w.l

    ----------------------------------------------------------------------
      4364        112          0          4          0       2784   Library Totals

    ----------------------------------------------------------------------

==============================================================================


      Code (inc. data)   RO Data    RW Data    ZI Data      Debug   

     26068       5024        660        240       4664     872618   Grand Totals
     26068       5024        660        240       4664     872618   ELF Image Totals
     26068       5024        660        240          0          0   ROM Totals

==============================================================================

    Total RO  Size (Code + RO Data)                26728 (  26.10kB)
    Total RW  Size (RW Data + ZI Data)              4904 (   4.79kB)
    Total ROM Size (Code + RO Data + RW Data)      26968 (  26.34kB)

==============================================================================

